Archive member included to satisfy reference by file (symbol)

/usr/lib/gcc/arm-none-eabi/13.2.1/thumb/v8-m.main/nofp/libgcc.a(_aeabi_uldivmod.o)
                              CMakeFiles/m33_vehicle_app.elf.dir/mnt/c/coding/TESTING_AREA/m33sdk/mcuxsdk/drivers/lpspi/fsl_lpspi.c.obj (__aeabi_uldivmod)
/usr/lib/gcc/arm-none-eabi/13.2.1/thumb/v8-m.main/nofp/libgcc.a(_udivmoddi4.o)
                              /usr/lib/gcc/arm-none-eabi/13.2.1/thumb/v8-m.main/nofp/libgcc.a(_aeabi_uldivmod.o) (__udivmoddi4)
/usr/lib/gcc/arm-none-eabi/13.2.1/thumb/v8-m.main/nofp/libgcc.a(_dvmd_tls.o)
                              /usr/lib/gcc/arm-none-eabi/13.2.1/thumb/v8-m.main/nofp/libgcc.a(_aeabi_uldivmod.o) (__aeabi_ldiv0)
/usr/lib/gcc/arm-none-eabi/13.2.1/../../../arm-none-eabi/lib/thumb/v8-m.main/nofp/libg_nano.a(libc_a-assert.o)
                              CMakeFiles/m33_vehicle_app.elf.dir/mnt/c/coding/TESTING_AREA/m33sdk/mcuxsdk/drivers/rgpio/fsl_rgpio.c.obj (__assert_func)
/usr/lib/gcc/arm-none-eabi/13.2.1/../../../arm-none-eabi/lib/thumb/v8-m.main/nofp/libg_nano.a(libc_a-impure.o)
                              /usr/lib/gcc/arm-none-eabi/13.2.1/../../../arm-none-eabi/lib/thumb/v8-m.main/nofp/libg_nano.a(libc_a-assert.o) (_impure_ptr)
/usr/lib/gcc/arm-none-eabi/13.2.1/../../../arm-none-eabi/lib/thumb/v8-m.main/nofp/libg_nano.a(libc_a-init.o)
                              /usr/lib/gcc/arm-none-eabi/13.2.1/../../../arm-none-eabi/lib/thumb/v8-m.main/nofp/crt0.o (__libc_init_array)
/usr/lib/gcc/arm-none-eabi/13.2.1/../../../arm-none-eabi/lib/thumb/v8-m.main/nofp/libg_nano.a(libc_a-abort.o)
                              /usr/lib/gcc/arm-none-eabi/13.2.1/../../../arm-none-eabi/lib/thumb/v8-m.main/nofp/libg_nano.a(libc_a-assert.o) (abort)
/usr/lib/gcc/arm-none-eabi/13.2.1/../../../arm-none-eabi/lib/thumb/v8-m.main/nofp/libg_nano.a(libc_a-memset.o)
                              /usr/lib/gcc/arm-none-eabi/13.2.1/../../../arm-none-eabi/lib/thumb/v8-m.main/nofp/crt0.o (memset)
/usr/lib/gcc/arm-none-eabi/13.2.1/../../../arm-none-eabi/lib/thumb/v8-m.main/nofp/libg_nano.a(libc_a-errno.o)
                              CMakeFiles/m33_vehicle_app.elf.dir/syscalls.c.obj (__errno)
/usr/lib/gcc/arm-none-eabi/13.2.1/../../../arm-none-eabi/lib/thumb/v8-m.main/nofp/libg_nano.a(libc_a-memcpy.o)
                              CMakeFiles/m33_vehicle_app.elf.dir/drivers/M9V-driver/src/neo_m9v_messages.c.obj (memcpy)
/usr/lib/gcc/arm-none-eabi/13.2.1/../../../arm-none-eabi/lib/thumb/v8-m.main/nofp/libg_nano.a(libc_a-malloc.o)
                              CMakeFiles/m33_vehicle_app.elf.dir/mnt/c/coding/TESTING_AREA/m33sdk/mcuxsdk/drivers/common/fsl_common.c.obj (malloc)
/usr/lib/gcc/arm-none-eabi/13.2.1/../../../arm-none-eabi/lib/thumb/v8-m.main/nofp/libg_nano.a(libc_a-fprintf.o)
                              /usr/lib/gcc/arm-none-eabi/13.2.1/../../../arm-none-eabi/lib/thumb/v8-m.main/nofp/libg_nano.a(libc_a-assert.o) (fiprintf)
/usr/lib/gcc/arm-none-eabi/13.2.1/../../../arm-none-eabi/lib/thumb/v8-m.main/nofp/libg_nano.a(libc_a-exit.o)
                              /usr/lib/gcc/arm-none-eabi/13.2.1/../../../arm-none-eabi/lib/thumb/v8-m.main/nofp/crt0.o (exit)
/usr/lib/gcc/arm-none-eabi/13.2.1/../../../arm-none-eabi/lib/thumb/v8-m.main/nofp/libg_nano.a(libc_a-atexit.o)
                              /usr/lib/gcc/arm-none-eabi/13.2.1/../../../arm-none-eabi/lib/thumb/v8-m.main/nofp/crt0.o (atexit)
/usr/lib/gcc/arm-none-eabi/13.2.1/../../../arm-none-eabi/lib/thumb/v8-m.main/nofp/libg_nano.a(libc_a-nano-vfprintf.o)
                              /usr/lib/gcc/arm-none-eabi/13.2.1/../../../arm-none-eabi/lib/thumb/v8-m.main/nofp/libg_nano.a(libc_a-fprintf.o) (_vfprintf_r)
/usr/lib/gcc/arm-none-eabi/13.2.1/../../../arm-none-eabi/lib/thumb/v8-m.main/nofp/libg_nano.a(libc_a-fini.o)
                              /usr/lib/gcc/arm-none-eabi/13.2.1/../../../arm-none-eabi/lib/thumb/v8-m.main/nofp/crt0.o (__libc_fini_array)
/usr/lib/gcc/arm-none-eabi/13.2.1/../../../arm-none-eabi/lib/thumb/v8-m.main/nofp/libg_nano.a(libc_a-wbuf.o)
                              /usr/lib/gcc/arm-none-eabi/13.2.1/../../../arm-none-eabi/lib/thumb/v8-m.main/nofp/libg_nano.a(libc_a-nano-vfprintf.o) (__swbuf_r)
/usr/lib/gcc/arm-none-eabi/13.2.1/../../../arm-none-eabi/lib/thumb/v8-m.main/nofp/libg_nano.a(libc_a-fvwrite.o)
                              /usr/lib/gcc/arm-none-eabi/13.2.1/../../../arm-none-eabi/lib/thumb/v8-m.main/nofp/libg_nano.a(libc_a-nano-vfprintf.o) (__sfvwrite_r)
/usr/lib/gcc/arm-none-eabi/13.2.1/../../../arm-none-eabi/lib/thumb/v8-m.main/nofp/libg_nano.a(libc_a-signal.o)
                              /usr/lib/gcc/arm-none-eabi/13.2.1/../../../arm-none-eabi/lib/thumb/v8-m.main/nofp/libg_nano.a(libc_a-abort.o) (raise)
/usr/lib/gcc/arm-none-eabi/13.2.1/../../../arm-none-eabi/lib/thumb/v8-m.main/nofp/libg_nano.a(libc_a-findfp.o)
[...]
Memory Configuration

Name             Origin             Length             Attributes
m_interrupts     0x0fff0000         0x00000478         xr
m_text           0x0fff0478         0x0000fb88         xr
m_m33_suspend_ram 0x20010000         0x00002000         rw
m_a55_suspend_ram 0x20012000         0x00001000         rw
m_data           0x20013000         0x0000b000         rw
m_rsc_tbl        0x2001e000         0x00001000         rw
*default*        0x00000000         0xffffffff

Linker script and memory map

LOAD /usr/lib/gcc/arm-none-eabi/13.2.1/thumb/v8-m.main/nofp/crti.o
LOAD /usr/lib/gcc/arm-none-eabi/13.2.1/thumb/v8-m.main/nofp/crtbegin.o
LOAD /usr/lib/gcc/arm-none-eabi/13.2.1/../../../arm-none-eabi/lib/thumb/v8-m.main/nofp/crt0.o
LOAD CMakeFiles/m33_vehicle_app.elf.dir/main.c.obj
LOAD CMakeFiles/m33_vehicle_app.elf.dir/hardware_init.c.obj
LOAD CMakeFiles/m33_vehicle_app.elf.dir/pin_mux.c.obj
LOAD CMakeFiles/m33_vehicle_app.elf.dir/board.c.obj
LOAD CMakeFiles/m33_vehicle_app.elf.dir/clock_config.c.obj
LOAD CMakeFiles/m33_vehicle_app.elf.dir/syscalls.c.obj
LOAD CMakeFiles/m33_vehicle_app.elf.dir/app/src/app_init.c.obj
LOAD CMakeFiles/m33_vehicle_app.elf.dir/app/src/app_l9966.c.obj
LOAD CMakeFiles/m33_vehicle_app.elf.dir/app/src/app_gps.c.obj
LOAD CMakeFiles/m33_vehicle_app.elf.dir/app/src/app_selftest.c.obj
LOAD CMakeFiles/m33_vehicle_app.elf.dir/platform/imx93_m33/src/board_init.c.obj
LOAD CMakeFiles/m33_vehicle_app.elf.dir/platform/imx93_m33/src/board_gpio.c.obj
LOAD CMakeFiles/m33_vehicle_app.elf.dir/platform/imx93_m33/src/board_pins.c.obj
LOAD CMakeFiles/m33_vehicle_app.elf.dir/platform/imx93_m33/src/board_spi.c.obj
LOAD CMakeFiles/m33_vehicle_app.elf.dir/platform/imx93_m33/src/board_time.c.obj
LOAD CMakeFiles/m33_vehicle_app.elf.dir/platform/imx93_m33/src/board_uart.c.obj
LOAD CMakeFiles/m33_vehicle_app.elf.dir/drivers/l9966_driver/src/L9966.c.obj
LOAD CMakeFiles/m33_vehicle_app.elf.dir/drivers/l9966_driver/src/L9966_FRAME.c.obj
LOAD CMakeFiles/m33_vehicle_app.elf.dir/drivers/l9966_driver/src/L9966_HELPERS.c.obj
LOAD CMakeFiles/m33_vehicle_app.elf.dir/drivers/l9966_driver/platform/m33/L9966_TRANSPORT.c.obj
LOAD CMakeFiles/m33_vehicle_app.elf.dir/drivers/M9V-driver/src/neo_m9v.c.obj
LOAD CMakeFiles/m33_vehicle_app.elf.dir/drivers/M9V-driver/src/neo_m9v_config.c.obj
LOAD CMakeFiles/m33_vehicle_app.elf.dir/drivers/M9V-driver/src/neo_m9v_messages.c.obj
LOAD CMakeFiles/m33_vehicle_app.elf.dir/drivers/M9V-driver/src/neo_m9v_ubx_frame.c.obj
LOAD CMakeFiles/m33_vehicle_app.elf.dir/mnt/c/coding/TESTING_AREA/m33sdk/mcuxsdk/devices/i.MX/i.MX93/MIMX9352/gcc/startup_MIMX9352_cm33.S.obj
LOAD CMakeFiles/m33_vehicle_app.elf.dir/mnt/c/coding/TESTING_AREA/m33sdk/mcuxsdk/devices/i.MX/i.MX93/MIMX9352/system_MIMX9352_cm33.c.obj
LOAD CMakeFiles/m33_vehicle_app.elf.dir/mnt/c/coding/TESTING_AREA/m33sdk/mcuxsdk/drivers/common/fsl_common.c.obj
LOAD CMakeFiles/m33_vehicle_app.elf.dir/mnt/c/coding/TESTING_AREA/m33sdk/mcuxsdk/drivers/rgpio/fsl_rgpio.c.obj
LOAD CMakeFiles/m33_vehicle_app.elf.dir/mnt/c/coding/TESTING_AREA/m33sdk/mcuxsdk/drivers/lpspi/fsl_lpspi.c.obj
LOAD CMakeFiles/m33_vehicle_app.elf.dir/mnt/c/coding/TESTING_AREA/m33sdk/mcuxsdk/drivers/lpuart/fsl_lpuart.c.obj
START GROUP
LOAD /usr/lib/gcc/arm-none-eabi/13.2.1/thumb/v8-m.main/nofp/libgcc.a
LOAD /usr/lib/gcc/arm-none-eabi/13.2.1/../../../arm-none-eabi/lib/thumb/v8-m.main/nofp/libg_nano.a
LOAD /usr/lib/gcc/arm-none-eabi/13.2.1/../../../arm-none-eabi/lib/thumb/v8-m.main/nofp/libc_nano.a
END GROUP
START GROUP
LOAD /usr/lib/gcc/arm-none-eabi/13.2.1/thumb/v8-m.main/nofp/libgcc.a
LOAD /usr/lib/gcc/arm-none-eabi/13.2.1/../../../arm-none-eabi/lib/thumb/v8-m.main/nofp/libc_nano.a
LOAD /usr/lib/gcc/arm-none-eabi/13.2.1/../../../arm-none-eabi/lib/thumb/v8-m.main/nofp/libnosys.a
END GROUP
START GROUP
LOAD /usr/lib/gcc/arm-none-eabi/13.2.1/thumb/v8-m.main/nofp/libgcc.a
LOAD /usr/lib/gcc/arm-none-eabi/13.2.1/../../../arm-none-eabi/lib/thumb/v8-m.main/nofp/libc_nano.a
LOAD /usr/lib/gcc/arm-none-eabi/13.2.1/../../../arm-none-eabi/lib/thumb/v8-m.main/nofp/libnosys.a
END GROUP
LOAD /usr/lib/gcc/arm-none-eabi/13.2.1/thumb/v8-m.main/nofp/crtend.o
LOAD /usr/lib/gcc/arm-none-eabi/13.2.1/thumb/v8-m.main/nofp/crtn.o
                0x00000400                        HEAP_SIZE = DEFINED (__heap_size__)?__heap_size__:0x400
                0x00000400                        STACK_SIZE = DEFINED (__stack_size__)?__stack_size__:0x400
                0x00000000                        M_VECTOR_RAM_SIZE = DEFINED (__ram_vector_table__)?0x478:0x0

.interrupts     0x0fff0000      0x474
                0x0fff0000                        __VECTOR_TABLE = .
                0x0fff0000                        __Vectors = .
                0x0fff0000                        . = ALIGN (0x4)
 *(.isr_vector)
 .isr_vector    0x0fff0000      0x474 CMakeFiles/m33_vehicle_app.elf.dir/mnt/c/coding/TESTING_AREA/m33sdk/mcuxsdk/devices/i.MX/i.MX93/MIMX9352/gcc/startup_MIMX9352_cm33.S.obj
                0x0fff0000                __isr_vector
                0x0fff0474                        . = ALIGN (0x4)

.resource_table
                0x0fff0478        0x0
                0x0fff0478                        . = ALIGN (0x8)
 *(.resource_table)
                0x0fff0478                        . = ALIGN (0x8)

.text           0x0fff0478     0x5a9c
                0x0fff0478                        . = ALIGN (0x4)
 *(.text)
 .text          0x0fff0478       0x8c /usr/lib/gcc/arm-none-eabi/13.2.1/thumb/v8-m.main/nofp/crtbegin.o
 .text          0x0fff0504       0x70 /usr/lib/gcc/arm-none-eabi/13.2.1/../../../arm-none-eabi/lib/thumb/v8-m.main/nofp/crt0.o
                0x0fff0504                _stack_init
                0x0fff050c                _mainCRTStartup
                0x0fff050c                _start
 .text          0x0fff0574      0x494 CMakeFiles/m33_vehicle_app.elf.dir/mnt/c/coding/TESTING_AREA/m33sdk/mcuxsdk/devices/i.MX/i.MX93/MIMX9352/gcc/startup_MIMX9352_cm33.S.obj
                0x0fff0574                Reset_Handler
                0x0fff05d4                Reserved18_IRQHandler
                0x0fff05d4                DMA4_14_15_DriverIRQHandler
                0x0fff05d4                Reserved16_IRQHandler
                0x0fff05d4                MU2_A_IRQHandler
                0x0fff05d4                Reserved179_IRQHandler
                0x0fff05d4                DMA4_20_21_DriverIRQHandler
                0x0fff05d4                DebugMon_Handler
                0x0fff05d4                Reserved178_IRQHandler
                0x0fff05d4                Reserved220_IRQHandler
                0x0fff05d4                Reserved88_IRQHandler
                0x0fff05d4                Reserved243_IRQHandler
                0x0fff05d4                Reserved65_IRQHandler
                0x0fff05d4                Reserved229_IRQHandler
                0x0fff05d4                Reserved76_IRQHandler
                0x0fff05d4                Reserved248_IRQHandler
                0x0fff05d4                Reserved64_IRQHandler
                0x0fff05d4                Reserved60_IRQHandler
                0x0fff05d4                Reserved236_IRQHandler
                0x0fff05d4                Reserved225_IRQHandler
                0x0fff05d4                CSI_IRQHandler
                0x0fff05d4                LPI2C5_DriverIRQHandler
                0x0fff05d4                Reserved50_IRQHandler
                0x0fff05d4                TRDC_IRQHandler
                0x0fff05d4                Reserved183_IRQHandler
                0x0fff05d4                LPIT2_IRQHandler
                0x0fff05d4                Reserved19_IRQHandler
                0x0fff05d4                DMA4_0_1_DriverIRQHandler
                0x0fff05d4                Reserved74_IRQHandler
                0x0fff05d4                Reserved89_IRQHandler
                0x0fff05d4                Reserved59_IRQHandler
                0x0fff05d4                LPTMR2_IRQHandler
                0x0fff05d4                Reserved272_IRQHandler
                0x0fff05d4                Reserved263_IRQHandler
                0x0fff05d4                DMA4_58_59_DriverIRQHandler
                0x0fff05d4                ENET_1588_DriverIRQHandler
                0x0fff05d4                LPI2C3_DriverIRQHandler
                0x0fff05d4                DMA4_52_53_DriverIRQHandler
                0x0fff05d4                Reserved42_IRQHandler
                0x0fff05d4                Reserved22_IRQHandler
                0x0fff05d4                Reserved75_IRQHandler
                0x0fff05d4                Reserved238_IRQHandler
                0x0fff05d4                Reserved280_IRQHandler
                0x0fff05d4                Reserved268_IRQHandler
                0x0fff05d4                DMA4_10_11_DriverIRQHandler
                0x0fff05d4                DMA4_34_35_DriverIRQHandler
                0x0fff05d4                Reserved176_IRQHandler
                0x0fff05d4                Reserved224_IRQHandler
                0x0fff05d4                FLEXIO2_DriverIRQHandler
                0x0fff05d4                UsageFault_Handler
                0x0fff05d4                WDOG1_IRQHandler
                0x0fff05d4                Reserved265_IRQHandler
                0x0fff05d4                Reserved57_IRQHandler
                0x0fff05d4                Reserved257_IRQHandler
                0x0fff05d4                DefaultISR
                0x0fff05d4                Reserved250_IRQHandler
                0x0fff05d4                Reserved58_IRQHandler
                0x0fff05d4                Reserved264_IRQHandler
                0x0fff05d4                Reserved261_IRQHandler
                0x0fff05d4                Reserved284_IRQHandler
                0x0fff05d4                I3C2_DriverIRQHandler
                0x0fff05d4                Reserved230_IRQHandler
                0x0fff05d4                Reserved279_IRQHandler
                0x0fff05d4                Reserved182_IRQHandler
                0x0fff05d4                DMA4_50_51_DriverIRQHandler
                0x0fff05d4                Reserved180_IRQHandler
                0x0fff05d4                Reserved267_IRQHandler
                0x0fff05d4                Reserved239_IRQHandler
                0x0fff05d4                MU1_B_IRQHandler
                0x0fff05d4                Reserved177_IRQHandler
                0x0fff05d4                WDOG4_IRQHandler
                0x0fff05d4                Reserved283_IRQHandler
                0x0fff05d4                DMA4_28_29_DriverIRQHandler
                0x0fff05d4                Reserved228_IRQHandler
                0x0fff05d4                DMA4_ERROR_DriverIRQHandler
                0x0fff05d4                Reserved253_IRQHandler
                0x0fff05d4                DMA4_6_7_DriverIRQHandler
                0x0fff05d4                ENET_MAC0_Rx_Tx_Done2_DriverIRQHandler
                0x0fff05d4                Reserved274_IRQHandler
                0x0fff05d4                LPI2C6_DriverIRQHandler
                0x0fff05d4                DMA4_56_57_DriverIRQHandler
                0x0fff05d4                TPM2_IRQHandler
                0x0fff05d4                FLEXIO1_DriverIRQHandler
                0x0fff05d4                Reserved232_IRQHandler
                0x0fff05d4                ENET_DriverIRQHandler
                0x0fff05d4                Reserved43_IRQHandler
                0x0fff05d4                DMA4_36_37_DriverIRQHandler
                0x0fff05d4                Reserved21_IRQHandler
                0x0fff05d4                DMA4_26_27_DriverIRQHandler
                0x0fff05d4                SAI1_DriverIRQHandler
                0x0fff05d4                Reserved278_IRQHandler
                0x0fff05d4                Reserved277_IRQHandler
                0x0fff05d4                ADC_WD_IRQHandler
                0x0fff05d4                DMA3_DriverIRQHandler
                0x0fff05d4                TPM3_IRQHandler
                0x0fff05d4                Reserved241_IRQHandler
                0x0fff05d4                Reserved27_IRQHandler
                0x0fff05d4                WDOG2_IRQHandler
                0x0fff05d4                Reserved62_IRQHandler
                0x0fff05d4                Reserved275_IRQHandler
                0x0fff05d4                Reserved256_IRQHandler
                0x0fff05d4                Reserved252_IRQHandler
                0x0fff05d4                Reserved206_IRQHandler
                0x0fff05d4                DMA4_18_19_DriverIRQHandler
                0x0fff05d4                Reserved181_IRQHandler
                0x0fff05d4                Reserved108_IRQHandler
                0x0fff05d4                Reserved72_IRQHandler
                0x0fff05d4                DMA4_12_13_DriverIRQHandler
                0x0fff05d4                Reserved259_IRQHandler
                0x0fff05d4                Reserved194_IRQHandler
                0x0fff05d4                SecureFault_Handler
                0x0fff05d4                DMA4_8_9_DriverIRQHandler
                0x0fff05d4                PDM_ERROR_DriverIRQHandler
                0x0fff05d4                Reserved66_IRQHandler
                0x0fff05d4                Reserved20_IRQHandler
                0x0fff05d4                Reserved249_IRQHandler
                0x0fff05d4                Reserved107_IRQHandler
                0x0fff05d4                Reserved98_IRQHandler
                0x0fff05d4                Reserved17_IRQHandler
                0x0fff05d4                Reserved189_IRQHandler
                0x0fff05d4                Reserved47_IRQHandler
                0x0fff05d4                Reserved271_IRQHandler
                0x0fff05d4                Reserved258_IRQHandler
                0x0fff05d4                CAN2_DriverIRQHandler
                0x0fff05d4                DMA4_62_63_DriverIRQHandler
                0x0fff05d4                CAN2_ERROR_DriverIRQHandler
                0x0fff05d4                DMA4_44_45_DriverIRQHandler
                0x0fff05d4                ENET_MAC0_Rx_Tx_Done1_DriverIRQHandler
                0x0fff05d4                Reserved190_IRQHandler
                0x0fff05d4                Reserved231_IRQHandler
                0x0fff05d4                Reserved276_IRQHandler
                0x0fff05d4                Reserved282_IRQHandler
                0x0fff05d4                Reserved260_IRQHandler
                0x0fff05d4                Reserved105_IRQHandler
                0x0fff05d4                Reserved269_IRQHandler
                0x0fff05d4                Reserved104_IRQHandler
                0x0fff05d4                Reserved203_IRQHandler
                0x0fff05d4                Reserved101_IRQHandler
                0x0fff05d4                Reserved223_IRQHandler
                0x0fff05d4                Reserved204_IRQHandler
                0x0fff05d4                uSDHC3_DriverIRQHandler
                0x0fff05d4                Reserved41_IRQHandler
                0x0fff05d4                DMA4_60_61_DriverIRQHandler
                0x0fff05d4                MemManage_Handler
                0x0fff05d4                Reserved90_IRQHandler
                0x0fff05d4                SAI2_DriverIRQHandler
                0x0fff05d4                Reserved242_IRQHandler
                0x0fff05d4                Reserved205_IRQHandler
                0x0fff05d4                TPM6_IRQHandler
                0x0fff05d4                Reserved48_IRQHandler
                0x0fff05d4                PDM_EVENT_DriverIRQHandler
                0x0fff05d4                ENET_QOS_PMT_IRQHandler
                0x0fff05d4                Reserved185_IRQHandler
                0x0fff05d4                DMA4_54_55_DriverIRQHandler
                0x0fff05d4                Reserved222_IRQHandler
                0x0fff05d4                MU2_B_IRQHandler
                0x0fff05d4                SAI3_DriverIRQHandler
                0x0fff05d4                Reserved254_IRQHandler
                0x0fff05d4                Reserved109_IRQHandler
                0x0fff05d4                Reserved244_IRQHandler
                0x0fff05d4                DMA4_32_33_DriverIRQHandler
                0x0fff05d4                ISI_IRQHandler
                0x0fff05d4                DMA4_24_25_DriverIRQHandler
                0x0fff05d4                Reserved255_IRQHandler
                0x0fff05d4                DMA4_2_3_DriverIRQHandler
                0x0fff05d4                LPI2C1_DriverIRQHandler
                0x0fff05d4                Reserved262_IRQHandler
                0x0fff05d4                DMA4_48_49_DriverIRQHandler
                0x0fff05d4                Reserved142_IRQHandler
                0x0fff05d4                Reserved184_IRQHandler
                0x0fff05d4                Reserved100_IRQHandler
                0x0fff05d4                Reserved26_IRQHandler
                0x0fff05d4                Reserved245_IRQHandler
                0x0fff05d4                DSI_IRQHandler
                0x0fff05d4                Reserved251_IRQHandler
                0x0fff05d4                Reserved46_IRQHandler
                0x0fff05d4                Reserved202_IRQHandler
                0x0fff05d4                Reserved273_IRQHandler
                0x0fff05d4                Reserved246_IRQHandler
                0x0fff05d4                ENET_QOS_DriverIRQHandler
                0x0fff05d4                TPM4_IRQHandler
                0x0fff05d4                Reserved270_IRQHandler
                0x0fff05d4                Reserved23_IRQHandler
                0x0fff05d4                Reserved266_IRQHandler
                0x0fff05d4                Reserved240_IRQHandler
                0x0fff05d4                ADC_EOC_IRQHandler
                0x0fff05d4                Reserved45_IRQHandler
                0x0fff05d4                DMA4_4_5_DriverIRQHandler
                0x0fff05d4                LPI2C4_DriverIRQHandler
                0x0fff05d4                DMA4_38_39_DriverIRQHandler
                0x0fff05d4                Reserved73_IRQHandler
                0x0fff05d4                DMA4_30_31_DriverIRQHandler
                0x0fff05d4                TEMPMON_IRQHandler
                0x0fff05d4                TPM1_IRQHandler
                0x0fff05d4                Reserved106_IRQHandler
                0x0fff05d4                uSDHC1_DriverIRQHandler
                0x0fff05d4                DMA4_22_23_DriverIRQHandler
                0x0fff05d4                uSDHC2_DriverIRQHandler
                0x0fff05d4                Reserved51_IRQHandler
                0x0fff05d4                Reserved192_IRQHandler
                0x0fff05d4                LPIT1_IRQHandler
                0x0fff05d4                CAN1_ERROR_DriverIRQHandler
                0x0fff05d4                ADC_ER_IRQHandler
                0x0fff05d4                Reserved44_IRQHandler
                0x0fff05d4                DMA4_42_43_DriverIRQHandler
                0x0fff05d4                WDOG5_IRQHandler
                0x0fff05d4                Reserved63_IRQHandler
                0x0fff05d4                I3C1_DriverIRQHandler
                0x0fff05d4                Reserved247_IRQHandler
                0x0fff05d4                MU1_A_IRQHandler
                0x0fff05d4                TPM5_IRQHandler
                0x0fff05d4                DMA4_16_17_DriverIRQHandler
                0x0fff05d4                BusFault_Handler
                0x0fff05d4                DMA4_46_47_DriverIRQHandler
                0x0fff05d4                PDM_HWVAD_ERROR_DriverIRQHandler
                0x0fff05d4                Reserved201_IRQHandler
                0x0fff05d4                PDM_HWVAD_EVENT_DriverIRQHandler
                0x0fff05d4                LPI2C2_DriverIRQHandler
                0x0fff05d4                DMA4_40_41_DriverIRQHandler
                0x0fff05d4                WDOG3_IRQHandler
                0x0fff05d4                LPTMR1_IRQHandler
                0x0fff05d4                CAN1_DriverIRQHandler
                0x0fff05d4                Reserved49_IRQHandler
                0x0fff05d4                FlexSPI1_DriverIRQHandler
                0x0fff05d4                Reserved281_IRQHandler
                0x0fff05d4                LPI2C7_DriverIRQHandler
                0x0fff05d4                Reserved219_IRQHandler
                0x0fff05d4                Reserved237_IRQHandler
                0x0fff05d4                LPI2C8_DriverIRQHandler
                0x0fff05d8                NMI_Handler
                0x0fff05dc                HardFault_Handler
                0x0fff05e0                SVC_Handler
                0x0fff05e4                PendSV_Handler
                0x0fff05ec                CAN1_IRQHandler
                0x0fff05f0                CAN1_ERROR_IRQHandler
                0x0fff05f4                I3C1_IRQHandler
                0x0fff05f8                LPI2C1_IRQHandler
                0x0fff05fc                LPI2C2_IRQHandler
                0x0fff0600                LPSPI1_IRQHandler
                0x0fff0604                LPSPI2_IRQHandler
                0x0fff0608                LPUART1_IRQHandler
                0x0fff060c                LPUART2_IRQHandler
                0x0fff0610                SAI1_IRQHandler
                0x0fff0614                CAN2_IRQHandler
                0x0fff0618                CAN2_ERROR_IRQHandler
                0x0fff061c                FLEXIO1_IRQHandler
                0x0fff0620                FLEXIO2_IRQHandler
                0x0fff0624                FlexSPI1_IRQHandler
                0x0fff0628                I3C2_IRQHandler
                0x0fff062c                LPI2C3_IRQHandler
                0x0fff0630                LPI2C4_IRQHandler
                0x0fff0634                LPSPI3_IRQHandler
                0x0fff0638                LPSPI4_IRQHandler
                0x0fff063c                LPUART3_IRQHandler
                0x0fff0644                LPUART5_IRQHandler
                0x0fff0648                LPUART6_IRQHandler
                0x0fff064c                uSDHC1_IRQHandler
                0x0fff0650                uSDHC2_IRQHandler
                0x0fff0654                DMA3_ERROR_IRQHandler
                0x0fff065c                DMA3_0_IRQHandler
                0x0fff0668                DMA3_1_IRQHandler
                0x0fff0674                DMA3_2_IRQHandler
                0x0fff0680                DMA3_3_IRQHandler
                0x0fff068c                DMA3_4_IRQHandler
                0x0fff0698                DMA3_5_IRQHandler
                0x0fff06a4                DMA3_6_IRQHandler
                0x0fff06b0                DMA3_7_IRQHandler
                0x0fff06bc                DMA3_8_IRQHandler
                0x0fff06c8                DMA3_9_IRQHandler
                0x0fff06d4                DMA3_10_IRQHandler
                0x0fff06e0                DMA3_11_IRQHandler
                0x0fff06ec                DMA3_12_IRQHandler
                0x0fff06f8                DMA3_13_IRQHandler
                0x0fff0704                DMA3_14_IRQHandler
                0x0fff0710                DMA3_15_IRQHandler
                0x0fff071c                DMA3_16_IRQHandler
                0x0fff0728                DMA3_17_IRQHandler
                0x0fff0734                DMA3_18_IRQHandler
                0x0fff0740                DMA3_19_IRQHandler
                0x0fff074c                DMA3_20_IRQHandler
                0x0fff0758                DMA3_21_IRQHandler
                0x0fff0764                DMA3_22_IRQHandler
                0x0fff0770                DMA3_23_IRQHandler
                0x0fff077c                DMA3_24_IRQHandler
                0x0fff0788                DMA3_25_IRQHandler
                0x0fff0794                DMA3_26_IRQHandler
                0x0fff07a0                DMA3_27_IRQHandler
                0x0fff07ac                DMA3_28_IRQHandler
                0x0fff07b8                DMA3_29_IRQHandler
                0x0fff07c4                DMA3_30_IRQHandler
                0x0fff07d0                DMA4_ERROR_IRQHandler
                0x0fff07d4                DMA4_0_1_IRQHandler
                0x0fff07d8                DMA4_2_3_IRQHandler
                0x0fff07dc                DMA4_4_5_IRQHandler
                0x0fff07e0                DMA4_6_7_IRQHandler
                0x0fff07e4                DMA4_8_9_IRQHandler
                0x0fff07e8                DMA4_10_11_IRQHandler
                0x0fff07ec                DMA4_12_13_IRQHandler
                0x0fff07f0                DMA4_14_15_IRQHandler
                0x0fff07f4                DMA4_16_17_IRQHandler
                0x0fff07f8                DMA4_18_19_IRQHandler
                0x0fff07fc                DMA4_20_21_IRQHandler
                0x0fff0800                DMA4_22_23_IRQHandler
                0x0fff0804                DMA4_24_25_IRQHandler
                0x0fff0808                DMA4_26_27_IRQHandler
                0x0fff080c                DMA4_28_29_IRQHandler
                0x0fff0810                DMA4_30_31_IRQHandler
                0x0fff0814                DMA4_32_33_IRQHandler
                0x0fff0818                DMA4_34_35_IRQHandler
                0x0fff081c                DMA4_36_37_IRQHandler
                0x0fff0820                DMA4_38_39_IRQHandler
                0x0fff0824                DMA4_40_41_IRQHandler
                0x0fff0828                DMA4_42_43_IRQHandler
                0x0fff082c                DMA4_44_45_IRQHandler
                0x0fff0830                DMA4_46_47_IRQHandler
                0x0fff0834                DMA4_48_49_IRQHandler
                0x0fff0838                DMA4_50_51_IRQHandler
                0x0fff083c                DMA4_52_53_IRQHandler
                0x0fff0840                DMA4_54_55_IRQHandler
                0x0fff0844                DMA4_56_57_IRQHandler
                0x0fff0848                DMA4_58_59_IRQHandler
                0x0fff084c                DMA4_60_61_IRQHandler
                0x0fff0850                DMA4_62_63_IRQHandler
                0x0fff0854                SAI2_IRQHandler
                0x0fff0858                SAI3_IRQHandler
                0x0fff085c                ENET_MAC0_Rx_Tx_Done1_IRQHandler
                0x0fff0860                ENET_MAC0_Rx_Tx_Done2_IRQHandler
                0x0fff0864                ENET_IRQHandler
                0x0fff0868                ENET_1588_IRQHandler
                0x0fff086c                ENET_QOS_IRQHandler
                0x0fff0870                LPSPI5_IRQHandler
                0x0fff0874                LPSPI6_IRQHandler
                0x0fff0878                LPSPI7_IRQHandler
                0x0fff087c                LPSPI8_IRQHandler
                0x0fff0880                LPI2C5_IRQHandler
                0x0fff0884                LPI2C6_IRQHandler
                0x0fff0888                LPI2C7_IRQHandler
                0x0fff088c                LPI2C8_IRQHandler
                0x0fff0890                PDM_HWVAD_ERROR_IRQHandler
                0x0fff0894                PDM_HWVAD_EVENT_IRQHandler
                0x0fff0898                PDM_ERROR_IRQHandler
                0x0fff089c                PDM_EVENT_IRQHandler
                0x0fff08a0                uSDHC3_IRQHandler
                0x0fff08a4                LPUART7_IRQHandler
                0x0fff08a8                LPUART8_IRQHandler
 .text          0x0fff0a08       0x30 /usr/lib/gcc/arm-none-eabi/13.2.1/thumb/v8-m.main/nofp/libgcc.a(_aeabi_uldivmod.o)
                0x0fff0a08                __aeabi_uldivmod
 .text          0x0fff0a38      0x300 /usr/lib/gcc/arm-none-eabi/13.2.1/thumb/v8-m.main/nofp/libgcc.a(_udivmoddi4.o)
                0x0fff0a38                __udivmoddi4
 .text          0x0fff0d38        0x4 /usr/lib/gcc/arm-none-eabi/13.2.1/thumb/v8-m.main/nofp/libgcc.a(_dvmd_tls.o)
                0x0fff0d38                __aeabi_ldiv0
                0x0fff0d38                __aeabi_idiv0
 .text          0x0fff0d3c       0x48 /usr/lib/gcc/arm-none-eabi/13.2.1/../../../arm-none-eabi/lib/thumb/v8-m.main/nofp/libg_nano.a(libc_a-assert.o)
                0x0fff0d3c                __assert_func
                0x0fff0d78                __assert
 .text          0x0fff0d84       0x50 /usr/lib/gcc/arm-none-eabi/13.2.1/../../../arm-none-eabi/lib/thumb/v8-m.main/nofp/libg_nano.a(libc_a-init.o)
                0x0fff0d84                __libc_init_array
 .text          0x0fff0dd4       0x10 /usr/lib/gcc/arm-none-eabi/13.2.1/../../../arm-none-eabi/lib/thumb/v8-m.main/nofp/libg_nano.a(libc_a-abort.o)
                0x0fff0dd4                abort
 .text          0x0fff0de4       0xa4 /usr/lib/gcc/arm-none-eabi/13.2.1/../../../arm-none-eabi/lib/thumb/v8-m.main/nofp/libg_nano.a(libc_a-memset.o)
                0x0fff0de4                memset
 .text          0x0fff0e88        0xc /usr/lib/gcc/arm-none-eabi/13.2.1/../../../arm-none-eabi/lib/thumb/v8-m.main/nofp/libg_nano.a(libc_a-errno.o)
                0x0fff0e88                __errno
 .text          0x0fff0e94       0xec /usr/lib/gcc/arm-none-eabi/13.2.1/../../../arm-none-eabi/lib/thumb/v8-m.main/nofp/libg_nano.a(libc_a-memcpy.o)
                0x0fff0e94                memcpy
 .text          0x0fff0f80       0x20 /usr/lib/gcc/arm-none-eabi/13.2.1/../../../arm-none-eabi/lib/thumb/v8-m.main/nofp/libg_nano.a(libc_a-malloc.o)
                0x0fff0f80                malloc
                0x0fff0f90                free
 .text          0x0fff0fa0       0x44 /usr/lib/gcc/arm-none-eabi/13.2.1/../../../arm-none-eabi/lib/thumb/v8-m.main/nofp/libg_nano.a(libc_a-fprintf.o)
                0x0fff0fa0                _fprintf_r
                0x0fff0fa0                _fiprintf_r
                0x0fff0fbc                fprintf
                0x0fff0fbc                fiprintf
 .text          0x0fff0fe4       0x24 /usr/lib/gcc/arm-none-eabi/13.2.1/../../../arm-none-eabi/lib/thumb/v8-m.main/nofp/libg_nano.a(libc_a-exit.o)
                0x0fff0fe4                exit
 .text          0x0fff1008        0xc /usr/lib/gcc/arm-none-eabi/13.2.1/../../../arm-none-eabi/lib/thumb/v8-m.main/nofp/libg_nano.a(libc_a-atexit.o)
                0x0fff1008                atexit
 .text          0x0fff1014      0x2c8 /usr/lib/gcc/arm-none-eabi/13.2.1/../../../arm-none-eabi/lib/thumb/v8-m.main/nofp/libg_nano.a(libc_a-nano-vfprintf.o)
                0x0fff103c                __sfputs_r
                0x0fff106c                __sprint_r
                0x0fff108c                _vfiprintf_r
                0x0fff108c                _vfprintf_r
                0x0fff12c4                vfiprintf
                0x0fff12c4                vfprintf
 .text          0x0fff12dc       0x28 /usr/lib/gcc/arm-none-eabi/13.2.1/../../../arm-none-eabi/lib/thumb/v8-m.main/nofp/libg_nano.a(libc_a-fini.o)
                0x0fff12dc                __libc_fini_array
 .text          0x0fff1304       0x98 /usr/lib/gcc/arm-none-eabi/13.2.1/../../../arm-none-eabi/lib/thumb/v8-m.main/nofp/libg_nano.a(libc_a-wbuf.o)
                0x0fff1304                __swbuf_r
                0x0fff138c                __swbuf
 .text          0x0fff139c      0x2f8 /usr/lib/gcc/arm-none-eabi/13.2.1/../../../arm-none-eabi/lib/thumb/v8-m.main/nofp/libg_nano.a(libc_a-fvwrite.o)
                0x0fff139c                __sfvwrite_r
 .text          0x0fff1694      0x260 /usr/lib/gcc/arm-none-eabi/13.2.1/../../../arm-none-eabi/lib/thumb/v8-m.main/nofp/libg_nano.a(libc_a-signal.o)
                0x0fff1694                _init_signal_r
                0x0fff16c0                _signal_r
                0x0fff170c                _raise_r
                0x0fff175c                __sigtramp_r
                0x0fff17bc                raise
                0x0fff1810                signal
                0x0fff185c                _init_signal
                0x0fff1890                __sigtramp
 .text          0x0fff18f4      0x224 /usr/lib/gcc/arm-none-eabi/13.2.1/../../../arm-none-eabi/lib/thumb/v8-m.main/nofp/libg_nano.a(libc_a-findfp.o)
                0x0fff1a24                __sfp
                0x0fff1ac8                __sinit
                0x0fff1ae8                __sfp_lock_acquire
                0x0fff1aec                __sfp_lock_release
                0x0fff1af0                __fp_lock_all
                0x0fff1b04                __fp_unlock_all
 .text          0x0fff1b18      0x194 /usr/lib/gcc/arm-none-eabi/13.2.1/../../../arm-none-eabi/lib/thumb/v8-m.main/nofp/libg_nano.a(libc_a-fflush.o)
                0x0fff1b18                __sflush_r
                0x0fff1c28                _fflush_r
                0x0fff1c60                fflush
 .text          0x0fff1cac      0x148 /usr/lib/gcc/arm-none-eabi/13.2.1/../../../arm-none-eabi/lib/thumb/v8-m.main/nofp/libg_nano.a(libc_a-mallocr.o)
                0x0fff1cf4                _malloc_r
 .text          0x0fff1df4       0xa8 /usr/lib/gcc/arm-none-eabi/13.2.1/../../../arm-none-eabi/lib/thumb/v8-m.main/nofp/libg_nano.a(libc_a-freer.o)
                0x0fff1df4                _free_r
 .text          0x0fff1e9c      0x100 /usr/lib/gcc/arm-none-eabi/13.2.1/../../../arm-none-eabi/lib/thumb/v8-m.main/nofp/libg_nano.a(libc_a-memmove.o)
                0x0fff1e9c                memmove
 .text          0x0fff1f9c       0x44 /usr/lib/gcc/arm-none-eabi/13.2.1/../../../arm-none-eabi/lib/thumb/v8-m.main/nofp/libg_nano.a(libc_a-fwalk.o)
                0x0fff1f9c                _fwalk_sglue
 .text          0x0fff1fe0       0xc4 /usr/lib/gcc/arm-none-eabi/13.2.1/../../../arm-none-eabi/lib/thumb/v8-m.main/nofp/libg_nano.a(libc_a-wsetup.o)
                0x0fff1fe0                __swsetup_r
 .text          0x0fff20a4       0xac /usr/lib/gcc/arm-none-eabi/13.2.1/../../../arm-none-eabi/lib/thumb/v8-m.main/nofp/libg_nano.a(libc_a-__atexit.o)
                0x0fff20a4                __register_exitproc
 .text          0x0fff2150       0x64 /usr/lib/gcc/arm-none-eabi/13.2.1/../../../arm-none-eabi/lib/thumb/v8-m.main/nofp/libg_nano.a(libc_a-reallocr.o)
                0x0fff2150                _realloc_r
 .text          0x0fff21b4      0x3a0 /usr/lib/gcc/arm-none-eabi/13.2.1/../../../arm-none-eabi/lib/thumb/v8-m.main/nofp/libg_nano.a(libc_a-nano-vfprintf_i.o)
                0x0fff21b4                _printf_common
                0x0fff22d0                _printf_i
 .text          0x0fff2554        0x8 /usr/lib/gcc/arm-none-eabi/13.2.1/../../../arm-none-eabi/lib/thumb/v8-m.main/nofp/libg_nano.a(libc_a-mlock.o)
                0x0fff2554                __malloc_lock
                0x0fff2558                __malloc_unlock
 .text          0x0fff255c      0x114 /usr/lib/gcc/arm-none-eabi/13.2.1/../../../arm-none-eabi/lib/thumb/v8-m.main/nofp/libg_nano.a(libc_a-makebuf.o)
                0x0fff255c                __smakebuf_r
                0x0fff2624                __swhatbuf_r
 .text          0x0fff2670       0x98 /usr/lib/gcc/arm-none-eabi/13.2.1/../../../arm-none-eabi/lib/thumb/v8-m.main/nofp/libg_nano.a(libc_a-memchr-stub.o)
                0x0fff2670                memchr
 .text          0x0fff2708       0x24 /usr/lib/gcc/arm-none-eabi/13.2.1/../../../arm-none-eabi/lib/thumb/v8-m.main/nofp/libg_nano.a(libc_a-isattyr.o)
                0x0fff2708                _isatty_r
 .text          0x0fff272c       0x24 /usr/lib/gcc/arm-none-eabi/13.2.1/../../../arm-none-eabi/lib/thumb/v8-m.main/nofp/libg_nano.a(libc_a-sbrkr.o)
                0x0fff272c                _sbrk_r
 .text          0x0fff2750       0x98 /usr/lib/gcc/arm-none-eabi/13.2.1/../../../arm-none-eabi/lib/thumb/v8-m.main/nofp/libg_nano.a(libc_a-stdio.o)
                0x0fff2750                __sread
                0x0fff2774                __seofread
                0x0fff2778                __swrite
                0x0fff27b8                __sseek
                0x0fff27e0                __sclose
 .text          0x0fff27e8       0x14 /usr/lib/gcc/arm-none-eabi/13.2.1/../../../arm-none-eabi/lib/thumb/v8-m.main/nofp/libg_nano.a(libc_a-msizer.o)
                0x0fff27e8                _malloc_usable_size_r
 .text          0x0fff27fc       0x30 /usr/lib/gcc/arm-none-eabi/13.2.1/../../../arm-none-eabi/lib/thumb/v8-m.main/nofp/libg_nano.a(libc_a-signalr.o)
                0x0fff27fc                _kill_r
                0x0fff2828                _getpid_r
 .text          0x0fff282c       0x24 /usr/lib/gcc/arm-none-eabi/13.2.1/../../../arm-none-eabi/lib/thumb/v8-m.main/nofp/libg_nano.a(libc_a-closer.o)
                0x0fff282c                _close_r
 .text          0x0fff2850       0xc0 /usr/lib/gcc/arm-none-eabi/13.2.1/../../../arm-none-eabi/lib/thumb/v8-m.main/nofp/libg_nano.a(libc_a-__call_atexit.o)
                0x0fff2850                __call_exitprocs
 .text          0x0fff2910       0x2c /usr/lib/gcc/arm-none-eabi/13.2.1/../../../arm-none-eabi/lib/thumb/v8-m.main/nofp/libg_nano.a(libc_a-readr.o)
                0x0fff2910                _read_r
 .text          0x0fff293c       0x2c /usr/lib/gcc/arm-none-eabi/13.2.1/../../../arm-none-eabi/lib/thumb/v8-m.main/nofp/libg_nano.a(libc_a-fstatr.o)
                0x0fff293c                _fstat_r
 .text          0x0fff2968       0x2c /usr/lib/gcc/arm-none-eabi/13.2.1/../../../arm-none-eabi/lib/thumb/v8-m.main/nofp/libg_nano.a(libc_a-lseekr.o)
                0x0fff2968                _lseek_r
 .text          0x0fff2994       0x2c /usr/lib/gcc/arm-none-eabi/13.2.1/../../../arm-none-eabi/lib/thumb/v8-m.main/nofp/libg_nano.a(libc_a-writer.o)
                0x0fff2994                _write_r
 *(.text*)
 .text.main     0x0fff29c0       0x16 CMakeFiles/m33_vehicle_app.elf.dir/main.c.obj
                0x0fff29c0                main
 .text.BOARD_InitHardware
                0x0fff29d6       0x18 CMakeFiles/m33_vehicle_app.elf.dir/hardware_init.c.obj
                0x0fff29d6                BOARD_InitHardware
 .text.IOMUXC_SetPinMux
                0x0fff29ee       0x48 CMakeFiles/m33_vehicle_app.elf.dir/pin_mux.c.obj
 .text.IOMUXC_SetPinConfig
                0x0fff2a36       0x2a CMakeFiles/m33_vehicle_app.elf.dir/pin_mux.c.obj
 .text.BOARD_InitBootPins
                0x0fff2a60        0xc CMakeFiles/m33_vehicle_app.elf.dir/pin_mux.c.obj
                0x0fff2a60                BOARD_InitBootPins
 .text.BOARD_InitPins
                0x0fff2a6c       0x70 CMakeFiles/m33_vehicle_app.elf.dir/pin_mux.c.obj
                0x0fff2a6c                BOARD_InitPins
 .text.BOARD_InitDebugConsole
                0x0fff2adc        0xc CMakeFiles/m33_vehicle_app.elf.dir/board.c.obj
                0x0fff2adc                BOARD_InitDebugConsole
 .text.BOARD_InitBootClocks
                0x0fff2ae8        0xc CMakeFiles/m33_vehicle_app.elf.dir/clock_config.c.obj
                0x0fff2ae8                BOARD_InitBootClocks
 .text._close   0x0fff2af4       0x16 CMakeFiles/m33_vehicle_app.elf.dir/syscalls.c.obj
                0x0fff2af4                _close
 .text._fstat   0x0fff2b0a       0x24 CMakeFiles/m33_vehicle_app.elf.dir/syscalls.c.obj
                0x0fff2b0a                _fstat
 .text._isatty  0x0fff2b2e       0x14 CMakeFiles/m33_vehicle_app.elf.dir/syscalls.c.obj
                0x0fff2b2e                _isatty
 .text._lseek   0x0fff2b42       0x18 CMakeFiles/m33_vehicle_app.elf.dir/syscalls.c.obj
                0x0fff2b42                _lseek
 .text._read    0x0fff2b5a       0x18 CMakeFiles/m33_vehicle_app.elf.dir/syscalls.c.obj
                0x0fff2b5a                _read
 *fill*         0x0fff2b72        0x2 
 .text._sbrk    0x0fff2b74       0x3c CMakeFiles/m33_vehicle_app.elf.dir/syscalls.c.obj
                0x0fff2b74                _sbrk
 .text._write   0x0fff2bb0       0x18 CMakeFiles/m33_vehicle_app.elf.dir/syscalls.c.obj
                0x0fff2bb0                _write
 .text._getpid  0x0fff2bc8        0xe CMakeFiles/m33_vehicle_app.elf.dir/syscalls.c.obj
                0x0fff2bc8                _getpid
 .text._kill    0x0fff2bd6       0x20 CMakeFiles/m33_vehicle_app.elf.dir/syscalls.c.obj
                0x0fff2bd6                _kill
 .text._exit    0x0fff2bf6        0xa CMakeFiles/m33_vehicle_app.elf.dir/syscalls.c.obj
                0x0fff2bf6                _exit
 .text.APP_Init
                0x0fff2c00       0x20 CMakeFiles/m33_vehicle_app.elf.dir/app/src/app_init.c.obj
                0x0fff2c00                APP_Init
 .text.APP_Run  0x0fff2c20       0x44 CMakeFiles/m33_vehicle_app.elf.dir/app/src/app_init.c.obj
                0x0fff2c20                APP_Run
 .text.APP_L9966_HardwareReset
                0x0fff2c64       0x26 CMakeFiles/m33_vehicle_app.elf.dir/app/src/app_l9966.c.obj
 *fill*         0x0fff2c8a        0x2 
 .text.APP_L9966_Init
                0x0fff2c8c       0x44 CMakeFiles/m33_vehicle_app.elf.dir/app/src/app_l9966.c.obj
                0x0fff2c8c                APP_L9966_Init
 .text.APP_L9966_Poll
                0x0fff2cd0       0x2c CMakeFiles/m33_vehicle_app.elf.dir/app/src/app_l9966.c.obj
                0x0fff2cd0                APP_L9966_Poll
 .text.APP_GPS_HardwareReset
                0x0fff2cfc       0x20 CMakeFiles/m33_vehicle_app.elf.dir/app/src/app_gps.c.obj
 .text.APP_GPS_Init
                0x0fff2d1c       0x34 CMakeFiles/m33_vehicle_app.elf.dir/app/src/app_gps.c.obj
                0x0fff2d1c                APP_GPS_Init
 .text.APP_GPS_Poll
                0x0fff2d50       0x50 CMakeFiles/m33_vehicle_app.elf.dir/app/src/app_gps.c.obj
                0x0fff2d50                APP_GPS_Poll
 .text.APP_SelfTest_IsLikelyInvalidSpiResponse
                0x0fff2da0       0x68 CMakeFiles/m33_vehicle_app.elf.dir/app/src/app_selftest.c.obj
 .text.APP_SelfTest_RunL9966
                0x0fff2e08       0x94 CMakeFiles/m33_vehicle_app.elf.dir/app/src/app_selftest.c.obj
                0x0fff2e08                APP_SelfTest_RunL9966
 .text.APP_SelfTest_RunGPS
                0x0fff2e9c       0xac CMakeFiles/m33_vehicle_app.elf.dir/app/src/app_selftest.c.obj
                0x0fff2e9c                APP_SelfTest_RunGPS
 .text.APP_SelfTest_RunAll
                0x0fff2f48       0x40 CMakeFiles/m33_vehicle_app.elf.dir/app/src/app_selftest.c.obj
                0x0fff2f48                APP_SelfTest_RunAll
 .text.BOARD_PlatformInit
                0x0fff2f88       0x1c CMakeFiles/m33_vehicle_app.elf.dir/platform/imx93_m33/src/board_init.c.obj
                0x0fff2f88                BOARD_PlatformInit
 .text.RGPIO_PinWrite
                0x0fff2fa4       0x34 CMakeFiles/m33_vehicle_app.elf.dir/platform/imx93_m33/src/board_gpio.c.obj
 .text.RGPIO_PinRead
                0x0fff2fd8       0x22 CMakeFiles/m33_vehicle_app.elf.dir/platform/imx93_m33/src/board_gpio.c.obj
 *fill*         0x0fff2ffa        0x2 
 .text.BOARD_GPIO_Init
                0x0fff2ffc       0x60 CMakeFiles/m33_vehicle_app.elf.dir/platform/imx93_m33/src/board_gpio.c.obj
                0x0fff2ffc                BOARD_GPIO_Init
 .text.BOARD_GPIO_Write
                0x0fff305c       0x2c CMakeFiles/m33_vehicle_app.elf.dir/platform/imx93_m33/src/board_gpio.c.obj
                0x0fff305c                BOARD_GPIO_Write
 .text.BOARD_GPIO_Read
                0x0fff3088       0x26 CMakeFiles/m33_vehicle_app.elf.dir/platform/imx93_m33/src/board_gpio.c.obj
                0x0fff3088                BOARD_GPIO_Read
 .text.BOARD_PINS_DeviceSignalsInit
                0x0fff30ae        0xc CMakeFiles/m33_vehicle_app.elf.dir/platform/imx93_m33/src/board_pins.c.obj
                0x0fff30ae                BOARD_PINS_DeviceSignalsInit
 *fill*         0x0fff30ba        0x2 
 .text.BOARD_L9966_SetCs
                0x0fff30bc       0x24 CMakeFiles/m33_vehicle_app.elf.dir/platform/imx93_m33/src/board_pins.c.obj
                0x0fff30bc                BOARD_L9966_SetCs
 .text.BOARD_L9966_SetReset
                0x0fff30e0       0x24 CMakeFiles/m33_vehicle_app.elf.dir/platform/imx93_m33/src/board_pins.c.obj
                0x0fff30e0                BOARD_L9966_SetReset
 .text.BOARD_L9966_IsFaultActive
                0x0fff3104       0x18 CMakeFiles/m33_vehicle_app.elf.dir/platform/imx93_m33/src/board_pins.c.obj
                0x0fff3104                BOARD_L9966_IsFaultActive
 .text.BOARD_GPS_SetReset
                0x0fff311c       0x24 CMakeFiles/m33_vehicle_app.elf.dir/platform/imx93_m33/src/board_pins.c.obj
                0x0fff311c                BOARD_GPS_SetReset
 .text.BOARD_SPI_Init
                0x0fff3140       0x48 CMakeFiles/m33_vehicle_app.elf.dir/platform/imx93_m33/src/board_spi.c.obj
                0x0fff3140                BOARD_SPI_Init
 .text.BOARD_SPI_L9966_Transfer
                0x0fff3188       0x70 CMakeFiles/m33_vehicle_app.elf.dir/platform/imx93_m33/src/board_spi.c.obj
                0x0fff3188                BOARD_SPI_L9966_Transfer
 .text.__NVIC_SetPriority
                0x0fff31f8       0x54 CMakeFiles/m33_vehicle_app.elf.dir/platform/imx93_m33/src/board_time.c.obj
 .text.SysTick_Config
                0x0fff324c       0x44 CMakeFiles/m33_vehicle_app.elf.dir/platform/imx93_m33/src/board_time.c.obj
 .text.BOARD_TIME_Init
                0x0fff3290       0x2c CMakeFiles/m33_vehicle_app.elf.dir/platform/imx93_m33/src/board_time.c.obj
                0x0fff3290                BOARD_TIME_Init
 .text.BOARD_TIME_GetMs
                0x0fff32bc       0x14 CMakeFiles/m33_vehicle_app.elf.dir/platform/imx93_m33/src/board_time.c.obj
                0x0fff32bc                BOARD_TIME_GetMs
 .text.BOARD_TIME_DelayMs
                0x0fff32d0       0x2a CMakeFiles/m33_vehicle_app.elf.dir/platform/imx93_m33/src/board_time.c.obj
                0x0fff32d0                BOARD_TIME_DelayMs
 *fill*         0x0fff32fa        0x2 
 .text.SysTick_Handler
                0x0fff32fc       0x1c CMakeFiles/m33_vehicle_app.elf.dir/platform/imx93_m33/src/board_time.c.obj
                0x0fff32fc                SysTick_Handler
 .text.__NVIC_EnableIRQ
                0x0fff3318       0x38 CMakeFiles/m33_vehicle_app.elf.dir/platform/imx93_m33/src/board_uart.c.obj
 .text.EnableIRQ
                0x0fff3350       0x32 CMakeFiles/m33_vehicle_app.elf.dir/platform/imx93_m33/src/board_uart.c.obj
 .text.LPUART_ReadByte
                0x0fff3382       0x6c CMakeFiles/m33_vehicle_app.elf.dir/platform/imx93_m33/src/board_uart.c.obj
 .text.BOARD_UART_RingNext
                0x0fff33ee       0x20 CMakeFiles/m33_vehicle_app.elf.dir/platform/imx93_m33/src/board_uart.c.obj
 .text.BOARD_UART_RingPush
                0x0fff340e       0x52 CMakeFiles/m33_vehicle_app.elf.dir/platform/imx93_m33/src/board_uart.c.obj
 .text.BOARD_UART_RingPop
                0x0fff3460       0x56 CMakeFiles/m33_vehicle_app.elf.dir/platform/imx93_m33/src/board_uart.c.obj
 *fill*         0x0fff34b6        0x2 
 .text.BOARD_UART_Init
                0x0fff34b8       0x58 CMakeFiles/m33_vehicle_app.elf.dir/platform/imx93_m33/src/board_uart.c.obj
                0x0fff34b8                BOARD_UART_Init
 .text.BOARD_UART_GPS_Write
                0x0fff3510       0x3c CMakeFiles/m33_vehicle_app.elf.dir/platform/imx93_m33/src/board_uart.c.obj
                0x0fff3510                BOARD_UART_GPS_Write
 .text.BOARD_UART_GPS_Read
                0x0fff354c       0x7c CMakeFiles/m33_vehicle_app.elf.dir/platform/imx93_m33/src/board_uart.c.obj
                0x0fff354c                BOARD_UART_GPS_Read
 .text.LPUART4_IRQHandler
                0x0fff35c8       0x3c CMakeFiles/m33_vehicle_app.elf.dir/platform/imx93_m33/src/board_uart.c.obj
                0x0fff35c8                LPUART4_IRQHandler
 .text.SystemInit
                0x0fff3604        0xc CMakeFiles/m33_vehicle_app.elf.dir/mnt/c/coding/TESTING_AREA/m33sdk/mcuxsdk/devices/i.MX/i.MX93/MIMX9352/system_MIMX9352_cm33.c.obj
                0x0fff3604                SystemInit
 .text.SystemInitHook
                0x0fff3610        0xc CMakeFiles/m33_vehicle_app.elf.dir/mnt/c/coding/TESTING_AREA/m33sdk/mcuxsdk/devices/i.MX/i.MX93/MIMX9352/system_MIMX9352_cm33.c.obj
                0x0fff3610                SystemInitHook
 .text.SystemCoreClockUpdate
                0x0fff361c        0xc CMakeFiles/m33_vehicle_app.elf.dir/mnt/c/coding/TESTING_AREA/m33sdk/mcuxsdk/devices/i.MX/i.MX93/MIMX9352/system_MIMX9352_cm33.c.obj
                0x0fff361c                SystemCoreClockUpdate
 .text.RGPIO_PinWrite
                0x0fff3628       0x34 CMakeFiles/m33_vehicle_app.elf.dir/mnt/c/coding/TESTING_AREA/m33sdk/mcuxsdk/drivers/rgpio/fsl_rgpio.c.obj
 .text.RGPIO_WritePinOutput
                0x0fff365c       0x22 CMakeFiles/m33_vehicle_app.elf.dir/mnt/c/coding/TESTING_AREA/m33sdk/mcuxsdk/drivers/rgpio/fsl_rgpio.c.obj
 *fill*         0x0fff367e        0x2 
 .text.RGPIO_PinInit
                0x0fff3680       0x70 CMakeFiles/m33_vehicle_app.elf.dir/mnt/c/coding/TESTING_AREA/m33sdk/mcuxsdk/drivers/rgpio/fsl_rgpio.c.obj
                0x0fff3680                RGPIO_PinInit
 .text.CLOCK_ControlGate
                0x0fff36f0       0x84 CMakeFiles/m33_vehicle_app.elf.dir/mnt/c/coding/TESTING_AREA/m33sdk/mcuxsdk/drivers/lpspi/fsl_lpspi.c.obj
 .text.CLOCK_EnableClock
                0x0fff3774       0x1c CMakeFiles/m33_vehicle_app.elf.dir/mnt/c/coding/TESTING_AREA/m33sdk/mcuxsdk/drivers/lpspi/fsl_lpspi.c.obj
 .text.LPSPI_Enable
                0x0fff3790       0x36 CMakeFiles/m33_vehicle_app.elf.dir/mnt/c/coding/TESTING_AREA/m33sdk/mcuxsdk/drivers/lpspi/fsl_lpspi.c.obj
 .text.LPSPI_GetStatusFlags
                0x0fff37c6       0x16 CMakeFiles/m33_vehicle_app.elf.dir/mnt/c/coding/TESTING_AREA/m33sdk/mcuxsdk/drivers/lpspi/fsl_lpspi.c.obj
 .text.LPSPI_GetRxFifoSize
                0x0fff37dc       0x22 CMakeFiles/m33_vehicle_app.elf.dir/mnt/c/coding/TESTING_AREA/m33sdk/mcuxsdk/drivers/lpspi/fsl_lpspi.c.obj
 .text.LPSPI_GetTxFifoCount
                0x0fff37fe       0x1a CMakeFiles/m33_vehicle_app.elf.dir/mnt/c/coding/TESTING_AREA/m33sdk/mcuxsdk/drivers/lpspi/fsl_lpspi.c.obj
 .text.LPSPI_GetRxFifoCount
                0x0fff3818       0x1c CMakeFiles/m33_vehicle_app.elf.dir/mnt/c/coding/TESTING_AREA/m33sdk/mcuxsdk/drivers/lpspi/fsl_lpspi.c.obj
 .text.LPSPI_ClearStatusFlags
                0x0fff3834       0x1a CMakeFiles/m33_vehicle_app.elf.dir/mnt/c/coding/TESTING_AREA/m33sdk/mcuxsdk/drivers/lpspi/fsl_lpspi.c.obj
 .text.LPSPI_GetTcr
                0x0fff384e       0x44 CMakeFiles/m33_vehicle_app.elf.dir/mnt/c/coding/TESTING_AREA/m33sdk/mcuxsdk/drivers/lpspi/fsl_lpspi.c.obj
 .text.LPSPI_SetMasterSlaveMode
                0x0fff3892       0x2a CMakeFiles/m33_vehicle_app.elf.dir/mnt/c/coding/TESTING_AREA/m33sdk/mcuxsdk/drivers/lpspi/fsl_lpspi.c.obj
 .text.LPSPI_IsMaster
                0x0fff38bc       0x24 CMakeFiles/m33_vehicle_app.elf.dir/mnt/c/coding/TESTING_AREA/m33sdk/mcuxsdk/drivers/lpspi/fsl_lpspi.c.obj
 .text.LPSPI_FlushFifo
                0x0fff38e0       0x42 CMakeFiles/m33_vehicle_app.elf.dir/mnt/c/coding/TESTING_AREA/m33sdk/mcuxsdk/drivers/lpspi/fsl_lpspi.c.obj
 .text.LPSPI_SetFifoWatermarks
                0x0fff3922       0x2a CMakeFiles/m33_vehicle_app.elf.dir/mnt/c/coding/TESTING_AREA/m33sdk/mcuxsdk/drivers/lpspi/fsl_lpspi.c.obj
 .text.LPSPI_WriteData
                0x0fff394c       0x1a CMakeFiles/m33_vehicle_app.elf.dir/mnt/c/coding/TESTING_AREA/m33sdk/mcuxsdk/drivers/lpspi/fsl_lpspi.c.obj
 .text.LPSPI_ReadData
                0x0fff3966       0x16 CMakeFiles/m33_vehicle_app.elf.dir/mnt/c/coding/TESTING_AREA/m33sdk/mcuxsdk/drivers/lpspi/fsl_lpspi.c.obj
 .text.LPSPI_GetInstance
                0x0fff397c       0x60 CMakeFiles/m33_vehicle_app.elf.dir/mnt/c/coding/TESTING_AREA/m33sdk/mcuxsdk/drivers/lpspi/fsl_lpspi.c.obj
                0x0fff397c                LPSPI_GetInstance
 .text.LPSPI_SetDummyData
                0x0fff39dc       0x2c CMakeFiles/m33_vehicle_app.elf.dir/mnt/c/coding/TESTING_AREA/m33sdk/mcuxsdk/drivers/lpspi/fsl_lpspi.c.obj
                0x0fff39dc                LPSPI_SetDummyData
 .text.LPSPI_MasterInit
                0x0fff3a08      0x178 CMakeFiles/m33_vehicle_app.elf.dir/mnt/c/coding/TESTING_AREA/m33sdk/mcuxsdk/drivers/lpspi/fsl_lpspi.c.obj
                0x0fff3a08                LPSPI_MasterInit
 .text.LPSPI_MasterGetDefaultConfig
                0x0fff3b80       0xa8 CMakeFiles/m33_vehicle_app.elf.dir/mnt/c/coding/TESTING_AREA/m33sdk/mcuxsdk/drivers/lpspi/fsl_lpspi.c.obj
                0x0fff3b80                LPSPI_MasterGetDefaultConfig
 .text.LPSPI_SetOnePcsPolarity
                0x0fff3c28       0x42 CMakeFiles/m33_vehicle_app.elf.dir/mnt/c/coding/TESTING_AREA/m33sdk/mcuxsdk/drivers/lpspi/fsl_lpspi.c.obj
 *fill*         0x0fff3c6a        0x2 
 .text.LPSPI_MasterSetBaudRate
                0x0fff3c6c      0x110 CMakeFiles/m33_vehicle_app.elf.dir/mnt/c/coding/TESTING_AREA/m33sdk/mcuxsdk/drivers/lpspi/fsl_lpspi.c.obj
                0x0fff3c6c                LPSPI_MasterSetBaudRate
 .text.LPSPI_MasterSetDelayScaler
                0x0fff3d7c       0xc4 CMakeFiles/m33_vehicle_app.elf.dir/mnt/c/coding/TESTING_AREA/m33sdk/mcuxsdk/drivers/lpspi/fsl_lpspi.c.obj
                0x0fff3d7c                LPSPI_MasterSetDelayScaler
 .text.LPSPI_MasterSetDelayTimes
                0x0fff3e40      0x2a8 CMakeFiles/m33_vehicle_app.elf.dir/mnt/c/coding/TESTING_AREA/m33sdk/mcuxsdk/drivers/lpspi/fsl_lpspi.c.obj
                0x0fff3e40                LPSPI_MasterSetDelayTimes
 .text.LPSPI_CheckTransferArgument
                0x0fff40e8      0x104 CMakeFiles/m33_vehicle_app.elf.dir/mnt/c/coding/TESTING_AREA/m33sdk/mcuxsdk/drivers/lpspi/fsl_lpspi.c.obj
                0x0fff40e8                LPSPI_CheckTransferArgument
 .text.LPSPI_MasterTransferWriteAllTxData
                0x0fff41ec      0x208 CMakeFiles/m33_vehicle_app.elf.dir/mnt/c/coding/TESTING_AREA/m33sdk/mcuxsdk/drivers/lpspi/fsl_lpspi.c.obj
 .text.LPSPI_MasterTransferClearTCR
                0x0fff43f4       0x3a CMakeFiles/m33_vehicle_app.elf.dir/mnt/c/coding/TESTING_AREA/m33sdk/mcuxsdk/drivers/lpspi/fsl_lpspi.c.obj
 .text.LPSPI_MasterTransferReadDataInFifo
                0x0fff442e       0x88 CMakeFiles/m33_vehicle_app.elf.dir/mnt/c/coding/TESTING_AREA/m33sdk/mcuxsdk/drivers/lpspi/fsl_lpspi.c.obj
 .text.LPSPI_MasterTransferReadDataInFifoNoBuf
                0x0fff44b6       0x26 CMakeFiles/m33_vehicle_app.elf.dir/mnt/c/coding/TESTING_AREA/m33sdk/mcuxsdk/drivers/lpspi/fsl_lpspi.c.obj
 .text.LPSPI_MasterTransferBlocking
                0x0fff44dc      0x2ac CMakeFiles/m33_vehicle_app.elf.dir/mnt/c/coding/TESTING_AREA/m33sdk/mcuxsdk/drivers/lpspi/fsl_lpspi.c.obj
                0x0fff44dc                LPSPI_MasterTransferBlocking
 .text.LPSPI_CombineWriteData
                0x0fff4788      0x1d4 CMakeFiles/m33_vehicle_app.elf.dir/mnt/c/coding/TESTING_AREA/m33sdk/mcuxsdk/drivers/lpspi/fsl_lpspi.c.obj
 .text.LPSPI_SeparateReadData
                0x0fff495c      0x1c8 CMakeFiles/m33_vehicle_app.elf.dir/mnt/c/coding/TESTING_AREA/m33sdk/mcuxsdk/drivers/lpspi/fsl_lpspi.c.obj
 .text.LPSPI_WaitTxFifoEmpty
                0x0fff4b24       0x22 CMakeFiles/m33_vehicle_app.elf.dir/mnt/c/coding/TESTING_AREA/m33sdk/mcuxsdk/drivers/lpspi/fsl_lpspi.c.obj
                0x0fff4b24                LPSPI_WaitTxFifoEmpty
 *fill*         0x0fff4b46        0x2 
 .text.LPSPI_CommonIRQHandler
                0x0fff4b48       0x3c CMakeFiles/m33_vehicle_app.elf.dir/mnt/c/coding/TESTING_AREA/m33sdk/mcuxsdk/drivers/lpspi/fsl_lpspi.c.obj
 .text.LPSPI1_DriverIRQHandler
                0x0fff4b84       0x40 CMakeFiles/m33_vehicle_app.elf.dir/mnt/c/coding/TESTING_AREA/m33sdk/mcuxsdk/drivers/lpspi/fsl_lpspi.c.obj
                0x0fff4b84                LPSPI1_DriverIRQHandler
 .text.LPSPI2_DriverIRQHandler
                0x0fff4bc4       0x40 CMakeFiles/m33_vehicle_app.elf.dir/mnt/c/coding/TESTING_AREA/m33sdk/mcuxsdk/drivers/lpspi/fsl_lpspi.c.obj
                0x0fff4bc4                LPSPI2_DriverIRQHandler
 .text.LPSPI3_DriverIRQHandler
                0x0fff4c04       0x40 CMakeFiles/m33_vehicle_app.elf.dir/mnt/c/coding/TESTING_AREA/m33sdk/mcuxsdk/drivers/lpspi/fsl_lpspi.c.obj
                0x0fff4c04                LPSPI3_DriverIRQHandler
 .text.LPSPI4_DriverIRQHandler
                0x0fff4c44       0x40 CMakeFiles/m33_vehicle_app.elf.dir/mnt/c/coding/TESTING_AREA/m33sdk/mcuxsdk/drivers/lpspi/fsl_lpspi.c.obj
                0x0fff4c44                LPSPI4_DriverIRQHandler
 .text.LPSPI5_DriverIRQHandler
                0x0fff4c84       0x40 CMakeFiles/m33_vehicle_app.elf.dir/mnt/c/coding/TESTING_AREA/m33sdk/mcuxsdk/drivers/lpspi/fsl_lpspi.c.obj
                0x0fff4c84                LPSPI5_DriverIRQHandler
 .text.LPSPI6_DriverIRQHandler
                0x0fff4cc4       0x40 CMakeFiles/m33_vehicle_app.elf.dir/mnt/c/coding/TESTING_AREA/m33sdk/mcuxsdk/drivers/lpspi/fsl_lpspi.c.obj
                0x0fff4cc4                LPSPI6_DriverIRQHandler
 .text.LPSPI7_DriverIRQHandler
                0x0fff4d04       0x40 CMakeFiles/m33_vehicle_app.elf.dir/mnt/c/coding/TESTING_AREA/m33sdk/mcuxsdk/drivers/lpspi/fsl_lpspi.c.obj
                0x0fff4d04                LPSPI7_DriverIRQHandler
 .text.LPSPI8_DriverIRQHandler
                0x0fff4d44       0x40 CMakeFiles/m33_vehicle_app.elf.dir/mnt/c/coding/TESTING_AREA/m33sdk/mcuxsdk/drivers/lpspi/fsl_lpspi.c.obj
                0x0fff4d44                LPSPI8_DriverIRQHandler
 .text.CLOCK_ControlGate
                0x0fff4d84       0x84 CMakeFiles/m33_vehicle_app.elf.dir/mnt/c/coding/TESTING_AREA/m33sdk/mcuxsdk/drivers/lpuart/fsl_lpuart.c.obj
 .text.CLOCK_EnableClock
                0x0fff4e08       0x1c CMakeFiles/m33_vehicle_app.elf.dir/mnt/c/coding/TESTING_AREA/m33sdk/mcuxsdk/drivers/lpuart/fsl_lpuart.c.obj
 .text.DisableGlobalIRQ
                0x0fff4e24       0x20 CMakeFiles/m33_vehicle_app.elf.dir/mnt/c/coding/TESTING_AREA/m33sdk/mcuxsdk/drivers/lpuart/fsl_lpuart.c.obj
 .text.EnableGlobalIRQ
                0x0fff4e44       0x1e CMakeFiles/m33_vehicle_app.elf.dir/mnt/c/coding/TESTING_AREA/m33sdk/mcuxsdk/drivers/lpuart/fsl_lpuart.c.obj
 .text.LPUART_SoftwareReset
                0x0fff4e62       0x2a CMakeFiles/m33_vehicle_app.elf.dir/mnt/c/coding/TESTING_AREA/m33sdk/mcuxsdk/drivers/lpuart/fsl_lpuart.c.obj
 .text.LPUART_GetInstance
                0x0fff4e8c       0x58 CMakeFiles/m33_vehicle_app.elf.dir/mnt/c/coding/TESTING_AREA/m33sdk/mcuxsdk/drivers/lpuart/fsl_lpuart.c.obj
                0x0fff4e8c                LPUART_GetInstance
 .text.LPUART_Init
                0x0fff4ee4      0x3e8 CMakeFiles/m33_vehicle_app.elf.dir/mnt/c/coding/TESTING_AREA/m33sdk/mcuxsdk/drivers/lpuart/fsl_lpuart.c.obj
                0x0fff4ee4                LPUART_Init
 .text.LPUART_GetDefaultConfig
                0x0fff52cc       0xb0 CMakeFiles/m33_vehicle_app.elf.dir/mnt/c/coding/TESTING_AREA/m33sdk/mcuxsdk/drivers/lpuart/fsl_lpuart.c.obj
                0x0fff52cc                LPUART_GetDefaultConfig
 .text.LPUART_EnableInterrupts
                0x0fff537c       0xa8 CMakeFiles/m33_vehicle_app.elf.dir/mnt/c/coding/TESTING_AREA/m33sdk/mcuxsdk/drivers/lpuart/fsl_lpuart.c.obj
                0x0fff537c                LPUART_EnableInterrupts
 .text.LPUART_GetStatusFlags
                0x0fff5424       0x38 CMakeFiles/m33_vehicle_app.elf.dir/mnt/c/coding/TESTING_AREA/m33sdk/mcuxsdk/drivers/lpuart/fsl_lpuart.c.obj
                0x0fff5424                LPUART_GetStatusFlags
 .text.LPUART_WriteBlocking
                0x0fff545c       0x78 CMakeFiles/m33_vehicle_app.elf.dir/mnt/c/coding/TESTING_AREA/m33sdk/mcuxsdk/drivers/lpuart/fsl_lpuart.c.obj
                0x0fff545c                LPUART_WriteBlocking
 .text.LPUART1_DriverIRQHandler
                0x0fff54d4       0x24 CMakeFiles/m33_vehicle_app.elf.dir/mnt/c/coding/TESTING_AREA/m33sdk/mcuxsdk/drivers/lpuart/fsl_lpuart.c.obj
                0x0fff54d4                LPUART1_DriverIRQHandler
 .text.LPUART2_DriverIRQHandler
                0x0fff54f8       0x24 CMakeFiles/m33_vehicle_app.elf.dir/mnt/c/coding/TESTING_AREA/m33sdk/mcuxsdk/drivers/lpuart/fsl_lpuart.c.obj
                0x0fff54f8                LPUART2_DriverIRQHandler
 .text.LPUART3_DriverIRQHandler
                0x0fff551c       0x24 CMakeFiles/m33_vehicle_app.elf.dir/mnt/c/coding/TESTING_AREA/m33sdk/mcuxsdk/drivers/lpuart/fsl_lpuart.c.obj
                0x0fff551c                LPUART3_DriverIRQHandler
 .text.LPUART4_DriverIRQHandler
                0x0fff5540       0x24 CMakeFiles/m33_vehicle_app.elf.dir/mnt/c/coding/TESTING_AREA/m33sdk/mcuxsdk/drivers/lpuart/fsl_lpuart.c.obj
                0x0fff5540                LPUART4_DriverIRQHandler
 .text.LPUART5_DriverIRQHandler
                0x0fff5564       0x24 CMakeFiles/m33_vehicle_app.elf.dir/mnt/c/coding/TESTING_AREA/m33sdk/mcuxsdk/drivers/lpuart/fsl_lpuart.c.obj
                0x0fff5564                LPUART5_DriverIRQHandler
 .text.LPUART6_DriverIRQHandler
                0x0fff5588       0x24 CMakeFiles/m33_vehicle_app.elf.dir/mnt/c/coding/TESTING_AREA/m33sdk/mcuxsdk/drivers/lpuart/fsl_lpuart.c.obj
                0x0fff5588                LPUART6_DriverIRQHandler
 .text.LPUART7_DriverIRQHandler
                0x0fff55ac       0x24 CMakeFiles/m33_vehicle_app.elf.dir/mnt/c/coding/TESTING_AREA/m33sdk/mcuxsdk/drivers/lpuart/fsl_lpuart.c.obj
                0x0fff55ac                LPUART7_DriverIRQHandler
 .text.LPUART8_DriverIRQHandler
                0x0fff55d0       0x24 CMakeFiles/m33_vehicle_app.elf.dir/mnt/c/coding/TESTING_AREA/m33sdk/mcuxsdk/drivers/lpuart/fsl_lpuart.c.obj
                0x0fff55d0                LPUART8_DriverIRQHandler
 *(.rodata)
 .rodata        0x0fff55f4        0x2 CMakeFiles/m33_vehicle_app.elf.dir/platform/imx93_m33/src/board_gpio.c.obj
 *fill*         0x0fff55f6        0x2 
 .rodata        0x0fff55f8       0x77 CMakeFiles/m33_vehicle_app.elf.dir/mnt/c/coding/TESTING_AREA/m33sdk/mcuxsdk/drivers/rgpio/fsl_rgpio.c.obj
 *fill*         0x0fff566f        0x1 
 .rodata        0x0fff5670      0x259 CMakeFiles/m33_vehicle_app.elf.dir/mnt/c/coding/TESTING_AREA/m33sdk/mcuxsdk/drivers/lpspi/fsl_lpspi.c.obj
 *fill*         0x0fff58c9        0x3 
 .rodata        0x0fff58cc      0x2fa CMakeFiles/m33_vehicle_app.elf.dir/mnt/c/coding/TESTING_AREA/m33sdk/mcuxsdk/drivers/lpuart/fsl_lpuart.c.obj
 *(.rodata*)
 *fill*         0x0fff5bc6        0x2 
 .rodata.ubx_ping.0
                0x0fff5bc8        0x2 CMakeFiles/m33_vehicle_app.elf.dir/app/src/app_gps.c.obj
 *fill*         0x0fff5bca        0x2 
 .rodata.__func__.0
                0x0fff5bcc        0xe CMakeFiles/m33_vehicle_app.elf.dir/mnt/c/coding/TESTING_AREA/m33sdk/mcuxsdk/drivers/rgpio/fsl_rgpio.c.obj
 *fill*         0x0fff5bda        0x2 
 .rodata.s_baudratePrescaler
                0x0fff5bdc        0x8 CMakeFiles/m33_vehicle_app.elf.dir/mnt/c/coding/TESTING_AREA/m33sdk/mcuxsdk/drivers/lpspi/fsl_lpspi.c.obj
 .rodata.s_lpspiBases
                0x0fff5be4       0x24 CMakeFiles/m33_vehicle_app.elf.dir/mnt/c/coding/TESTING_AREA/m33sdk/mcuxsdk/drivers/lpspi/fsl_lpspi.c.obj
 .rodata.s_lpspiClocks
                0x0fff5c08        0x9 CMakeFiles/m33_vehicle_app.elf.dir/mnt/c/coding/TESTING_AREA/m33sdk/mcuxsdk/drivers/lpspi/fsl_lpspi.c.obj
 *fill*         0x0fff5c11        0x3 
 .rodata.__func__.34
                0x0fff5c14       0x12 CMakeFiles/m33_vehicle_app.elf.dir/mnt/c/coding/TESTING_AREA/m33sdk/mcuxsdk/drivers/lpspi/fsl_lpspi.c.obj
 *fill*         0x0fff5c26        0x2 
 .rodata.__func__.33
                0x0fff5c28       0x11 CMakeFiles/m33_vehicle_app.elf.dir/mnt/c/coding/TESTING_AREA/m33sdk/mcuxsdk/drivers/lpspi/fsl_lpspi.c.obj
 *fill*         0x0fff5c39        0x3 
 .rodata.__func__.32
                0x0fff5c3c       0x12 CMakeFiles/m33_vehicle_app.elf.dir/mnt/c/coding/TESTING_AREA/m33sdk/mcuxsdk/drivers/lpspi/fsl_lpspi.c.obj
 *fill*         0x0fff5c4e        0x2 
 .rodata.__func__.31
                0x0fff5c50       0x1d CMakeFiles/m33_vehicle_app.elf.dir/mnt/c/coding/TESTING_AREA/m33sdk/mcuxsdk/drivers/lpspi/fsl_lpspi.c.obj
 *fill*         0x0fff5c6d        0x3 
 .rodata.__func__.28
                0x0fff5c70       0x18 CMakeFiles/m33_vehicle_app.elf.dir/mnt/c/coding/TESTING_AREA/m33sdk/mcuxsdk/drivers/lpspi/fsl_lpspi.c.obj
 .rodata.__func__.27
                0x0fff5c88       0x1b CMakeFiles/m33_vehicle_app.elf.dir/mnt/c/coding/TESTING_AREA/m33sdk/mcuxsdk/drivers/lpspi/fsl_lpspi.c.obj
 *fill*         0x0fff5ca3        0x1 
 .rodata.__func__.26
                0x0fff5ca4       0x1a CMakeFiles/m33_vehicle_app.elf.dir/mnt/c/coding/TESTING_AREA/m33sdk/mcuxsdk/drivers/lpspi/fsl_lpspi.c.obj
 *fill*         0x0fff5cbe        0x2 
 .rodata.__func__.24
                0x0fff5cc0       0x1c CMakeFiles/m33_vehicle_app.elf.dir/mnt/c/coding/TESTING_AREA/m33sdk/mcuxsdk/drivers/lpspi/fsl_lpspi.c.obj
 .rodata.__func__.23
                0x0fff5cdc       0x1d CMakeFiles/m33_vehicle_app.elf.dir/mnt/c/coding/TESTING_AREA/m33sdk/mcuxsdk/drivers/lpspi/fsl_lpspi.c.obj
 *fill*         0x0fff5cf9        0x3 
 .rodata.__func__.9
                0x0fff5cfc       0x17 CMakeFiles/m33_vehicle_app.elf.dir/mnt/c/coding/TESTING_AREA/m33sdk/mcuxsdk/drivers/lpspi/fsl_lpspi.c.obj
 *fill*         0x0fff5d13        0x1 
 .rodata.__func__.8
                0x0fff5d14       0x17 CMakeFiles/m33_vehicle_app.elf.dir/mnt/c/coding/TESTING_AREA/m33sdk/mcuxsdk/drivers/lpspi/fsl_lpspi.c.obj
 *fill*         0x0fff5d2b        0x1 
 .rodata.__func__.7
                0x0fff5d2c       0x18 CMakeFiles/m33_vehicle_app.elf.dir/mnt/c/coding/TESTING_AREA/m33sdk/mcuxsdk/drivers/lpspi/fsl_lpspi.c.obj
 .rodata.__func__.6
                0x0fff5d44       0x18 CMakeFiles/m33_vehicle_app.elf.dir/mnt/c/coding/TESTING_AREA/m33sdk/mcuxsdk/drivers/lpspi/fsl_lpspi.c.obj
 .rodata.__func__.5
                0x0fff5d5c       0x18 CMakeFiles/m33_vehicle_app.elf.dir/mnt/c/coding/TESTING_AREA/m33sdk/mcuxsdk/drivers/lpspi/fsl_lpspi.c.obj
 .rodata.__func__.4
                0x0fff5d74       0x18 CMakeFiles/m33_vehicle_app.elf.dir/mnt/c/coding/TESTING_AREA/m33sdk/mcuxsdk/drivers/lpspi/fsl_lpspi.c.obj
 .rodata.__func__.3
                0x0fff5d8c       0x18 CMakeFiles/m33_vehicle_app.elf.dir/mnt/c/coding/TESTING_AREA/m33sdk/mcuxsdk/drivers/lpspi/fsl_lpspi.c.obj
 .rodata.__func__.2
                0x0fff5da4       0x18 CMakeFiles/m33_vehicle_app.elf.dir/mnt/c/coding/TESTING_AREA/m33sdk/mcuxsdk/drivers/lpspi/fsl_lpspi.c.obj
 .rodata.__func__.1
                0x0fff5dbc       0x18 CMakeFiles/m33_vehicle_app.elf.dir/mnt/c/coding/TESTING_AREA/m33sdk/mcuxsdk/drivers/lpspi/fsl_lpspi.c.obj
 .rodata.__func__.0
                0x0fff5dd4       0x18 CMakeFiles/m33_vehicle_app.elf.dir/mnt/c/coding/TESTING_AREA/m33sdk/mcuxsdk/drivers/lpspi/fsl_lpspi.c.obj
 .rodata.s_lpuartBases
                0x0fff5dec       0x24 CMakeFiles/m33_vehicle_app.elf.dir/mnt/c/coding/TESTING_AREA/m33sdk/mcuxsdk/drivers/lpuart/fsl_lpuart.c.obj
 .rodata.s_lpuartClock
                0x0fff5e10        0x9 CMakeFiles/m33_vehicle_app.elf.dir/mnt/c/coding/TESTING_AREA/m33sdk/mcuxsdk/drivers/lpuart/fsl_lpuart.c.obj
 *fill*         0x0fff5e19        0x3 
 .rodata.__func__.26
                0x0fff5e1c       0x13 CMakeFiles/m33_vehicle_app.elf.dir/mnt/c/coding/TESTING_AREA/m33sdk/mcuxsdk/drivers/lpuart/fsl_lpuart.c.obj
 *fill*         0x0fff5e2f        0x1 
 .rodata.__func__.19
                0x0fff5e30        0xc CMakeFiles/m33_vehicle_app.elf.dir/mnt/c/coding/TESTING_AREA/m33sdk/mcuxsdk/drivers/lpuart/fsl_lpuart.c.obj
 .rodata.__func__.18
                0x0fff5e3c       0x12 CMakeFiles/m33_vehicle_app.elf.dir/mnt/c/coding/TESTING_AREA/m33sdk/mcuxsdk/drivers/lpuart/fsl_lpuart.c.obj
 *fill*         0x0fff5e4e        0x2 
 .rodata.__func__.17
                0x0fff5e50       0x18 CMakeFiles/m33_vehicle_app.elf.dir/mnt/c/coding/TESTING_AREA/m33sdk/mcuxsdk/drivers/lpuart/fsl_lpuart.c.obj
 .rodata.__func__.13
                0x0fff5e68       0x15 CMakeFiles/m33_vehicle_app.elf.dir/mnt/c/coding/TESTING_AREA/m33sdk/mcuxsdk/drivers/lpuart/fsl_lpuart.c.obj
 *fill*         0x0fff5e7d        0x3 
 .rodata.str1.4
                0x0fff5e80       0x79 /usr/lib/gcc/arm-none-eabi/13.2.1/../../../arm-none-eabi/lib/thumb/v8-m.main/nofp/libg_nano.a(libc_a-assert.o)
                                 0x43 (size before relaxing)
 .rodata.str1.4
                0x0fff5ef9       0x13 /usr/lib/gcc/arm-none-eabi/13.2.1/../../../arm-none-eabi/lib/thumb/v8-m.main/nofp/libg_nano.a(libc_a-nano-vfprintf.o)
 .rodata.str1.4
                0x0fff5ef9       0x25 /usr/lib/gcc/arm-none-eabi/13.2.1/../../../arm-none-eabi/lib/thumb/v8-m.main/nofp/libg_nano.a(libc_a-nano-vfprintf_i.o)
 *(.glue_7)
 .glue_7        0x0fff5ef9        0x0 linker stubs
 *(.glue_7t)
 .glue_7t       0x0fff5ef9        0x0 linker stubs
 *(.eh_frame)
 *fill*         0x0fff5ef9        0x3 
 .eh_frame      0x0fff5efc        0x0 /usr/lib/gcc/arm-none-eabi/13.2.1/thumb/v8-m.main/nofp/crtbegin.o
 *(.init)
 .init          0x0fff5efc        0x4 /usr/lib/gcc/arm-none-eabi/13.2.1/thumb/v8-m.main/nofp/crti.o
                0x0fff5efc                _init
 .init          0x0fff5f00        0x8 /usr/lib/gcc/arm-none-eabi/13.2.1/thumb/v8-m.main/nofp/crtn.o
 *(.fini)
 .fini          0x0fff5f08        0x4 /usr/lib/gcc/arm-none-eabi/13.2.1/thumb/v8-m.main/nofp/crti.o
                0x0fff5f08                _fini
 .fini          0x0fff5f0c        0x8 /usr/lib/gcc/arm-none-eabi/13.2.1/thumb/v8-m.main/nofp/crtn.o
                0x0fff5f14                        . = ALIGN (0x4)

.vfp11_veneer   0x0fff5f14        0x0
 .vfp11_veneer  0x0fff5f14        0x0 linker stubs

.v4_bx          0x0fff5f14        0x0
 .v4_bx         0x0fff5f14        0x0 linker stubs

.iplt           0x0fff5f14        0x0
 .iplt          0x0fff5f14        0x0 /usr/lib/gcc/arm-none-eabi/13.2.1/thumb/v8-m.main/nofp/crtbegin.o

.ARM.extab
 *(.ARM.extab* .gnu.linkonce.armextab.*)

.ARM            0x0fff5f14        0x8
                0x0fff5f14                        __exidx_start = .
 *(.ARM.exidx*)
 .ARM.exidx     0x0fff5f14        0x8 /usr/lib/gcc/arm-none-eabi/13.2.1/../../../arm-none-eabi/lib/thumb/v8-m.main/nofp/crt0.o
                                 0x10 (size before relaxing)
 .ARM.exidx     0x0fff5f1c        0x0 /usr/lib/gcc/arm-none-eabi/13.2.1/thumb/v8-m.main/nofp/libgcc.a(_udivmoddi4.o)
                                  0x8 (size before relaxing)
 .ARM.exidx     0x0fff5f1c        0x0 /usr/lib/gcc/arm-none-eabi/13.2.1/../../../arm-none-eabi/lib/thumb/v8-m.main/nofp/libg_nano.a(libc_a-memcpy.o)
                                  0x8 (size before relaxing)
                0x0fff5f1c                        __exidx_end = .

.rel.dyn        0x0fff5f1c        0x0
 .rel.iplt      0x0fff5f1c        0x0 /usr/lib/gcc/arm-none-eabi/13.2.1/thumb/v8-m.main/nofp/crtbegin.o

.ctors          0x0fff5f1c        0x0
                0x0fff5f1c                        __CTOR_LIST__ = .
 *crtbegin.o(.ctors)
 *crtbegin?.o(.ctors)
 *(EXCLUDE_FILE(*crtend.o *crtend?.o) .ctors)
 *(SORT_BY_NAME(.ctors.*))
 *(.ctors)
                0x0fff5f1c                        __CTOR_END__ = .

.dtors          0x0fff5f1c        0x0
                0x0fff5f1c                        __DTOR_LIST__ = .
 *crtbegin.o(.dtors)
 *crtbegin?.o(.dtors)
 *(EXCLUDE_FILE(*crtend.o *crtend?.o) .dtors)
 *(SORT_BY_NAME(.dtors.*))
 *(.dtors)
                0x0fff5f1c                        __DTOR_END__ = .

.preinit_array  0x0fff5f1c        0x0
                0x0fff5f1c                        PROVIDE (__preinit_array_start = .)
 *(.preinit_array*)
                0x0fff5f1c                        PROVIDE (__preinit_array_end = .)

.init_array     0x0fff5f1c        0x4
                0x0fff5f1c                        PROVIDE (__init_array_start = .)
 *(SORT_BY_NAME(.init_array.*))
 *(.init_array*)
 .init_array    0x0fff5f1c        0x4 /usr/lib/gcc/arm-none-eabi/13.2.1/thumb/v8-m.main/nofp/crtbegin.o
                0x0fff5f20                        PROVIDE (__init_array_end = .)

.fini_array     0x0fff5f20        0x4
                0x0fff5f20                        PROVIDE (__fini_array_start = .)
 *(SORT_BY_NAME(.fini_array.*))
 *(.fini_array*)
 .fini_array    0x0fff5f20        0x4 /usr/lib/gcc/arm-none-eabi/13.2.1/thumb/v8-m.main/nofp/crtbegin.o
                0x0fff5f24                        PROVIDE (__fini_array_end = .)
                0x0fff5f24                        __etext = .
                0x0fff5f24                        __DATA_ROM = .

.interrupts_ram
                0x20013000        0x0
                0x20013000                        . = ALIGN (0x4)
                0x20013000                        __VECTOR_RAM__ = .
                0x20013000                        __interrupts_ram_start__ = .
 *(.m_interrupts_ram)
                0x20013000                        . = (. + M_VECTOR_RAM_SIZE)
                0x20013000                        . = ALIGN (0x4)
                0x20013000                        __interrupts_ram_end__ = .
                0x0fff0000                        __VECTOR_RAM = DEFINED (__ram_vector_table__)?__VECTOR_RAM__:ORIGIN (m_interrupts)
                0x00000000                        __RAM_VECTOR_TABLE_SIZE_BYTES = DEFINED (__ram_vector_table__)?(__interrupts_ram_end__ - __interrupts_ram_start__):0x0

.data           0x20013000       0x60 load address 0x0fff5f24
                0x20013000                        . = ALIGN (0x4)
                0x20013000                        __DATA_RAM = .
                0x20013000                        __data_start__ = .
 *(.data)
 .data          0x20013000       0x50 /usr/lib/gcc/arm-none-eabi/13.2.1/../../../arm-none-eabi/lib/thumb/v8-m.main/nofp/libg_nano.a(libc_a-impure.o)
                0x20013000                _impure_ptr
                0x20013004                _impure_data
 .data          0x20013050        0xc /usr/lib/gcc/arm-none-eabi/13.2.1/../../../arm-none-eabi/lib/thumb/v8-m.main/nofp/libg_nano.a(libc_a-findfp.o)
                0x20013050                __sglue
 *(.data*)
 .data.SystemCoreClock
                0x2001305c        0x4 CMakeFiles/m33_vehicle_app.elf.dir/mnt/c/coding/TESTING_AREA/m33sdk/mcuxsdk/devices/i.MX/i.MX93/MIMX9352/system_MIMX9352_cm33.c.obj
                0x2001305c                SystemCoreClock
 *(.jcr*)
                0x20013060                        . = ALIGN (0x4)
                0x20013060                        __data_end__ = .
                0x0fff5f84                        __DATA_END = (__DATA_ROM + (__data_end__ - __data_start__))
                0x10000000                        text_end = (ORIGIN (m_text) + LENGTH (m_text))
                0x00000001                        ASSERT ((__DATA_END <= text_end), region m_text overflowed with text and data)

.tm_clone_table
                0x20013060        0x0 load address 0x0fff5f84
 .tm_clone_table
                0x20013060        0x0 /usr/lib/gcc/arm-none-eabi/13.2.1/thumb/v8-m.main/nofp/crtbegin.o
 .tm_clone_table
                0x20013060        0x0 /usr/lib/gcc/arm-none-eabi/13.2.1/thumb/v8-m.main/nofp/crtend.o

.igot.plt       0x20013060        0x0 load address 0x0fff5f84
 .igot.plt      0x20013060        0x0 /usr/lib/gcc/arm-none-eabi/13.2.1/thumb/v8-m.main/nofp/crtbegin.o

.bss            0x20013060      0x4b0 load address 0x0fff5f84
                0x20013060                        . = ALIGN (0x4)
                0x20013060                        __START_BSS = .
                0x20013060                        __bss_start__ = .
 *(.bss)
 .bss           0x20013060       0x1c /usr/lib/gcc/arm-none-eabi/13.2.1/thumb/v8-m.main/nofp/crtbegin.o
 .bss           0x2001307c      0x13c /usr/lib/gcc/arm-none-eabi/13.2.1/../../../arm-none-eabi/lib/thumb/v8-m.main/nofp/libg_nano.a(libc_a-findfp.o)
                0x2001307c                __sf
                0x200131b4                __stdio_exit_handler
 .bss           0x200131b8        0x8 /usr/lib/gcc/arm-none-eabi/13.2.1/../../../arm-none-eabi/lib/thumb/v8-m.main/nofp/libg_nano.a(libc_a-mallocr.o)
                0x200131b8                __malloc_sbrk_start
                0x200131bc                __malloc_free_list
 .bss           0x200131c0       0x8c /usr/lib/gcc/arm-none-eabi/13.2.1/../../../arm-none-eabi/lib/thumb/v8-m.main/nofp/libg_nano.a(libc_a-__atexit.o)
                0x200131c0                __atexit0
 .bss           0x2001324c        0x4 /usr/lib/gcc/arm-none-eabi/13.2.1/../../../arm-none-eabi/lib/thumb/v8-m.main/nofp/libg_nano.a(libc_a-__call_atexit.o)
                0x2001324c                __atexit
 .bss           0x20013250        0x4 /usr/lib/gcc/arm-none-eabi/13.2.1/../../../arm-none-eabi/lib/thumb/v8-m.main/nofp/libg_nano.a(libc_a-reent.o)
                0x20013250                errno
 *(.bss*)
 .bss.heap_end.0
                0x20013254        0x4 CMakeFiles/m33_vehicle_app.elf.dir/syscalls.c.obj
 .bss.g_app_runtime
                0x20013258        0x8 CMakeFiles/m33_vehicle_app.elf.dir/app/src/app_init.c.obj
 .bss.g_l9966   0x20013260        0x8 CMakeFiles/m33_vehicle_app.elf.dir/app/src/app_l9966.c.obj
 .bss.g_gps     0x20013268        0xc CMakeFiles/m33_vehicle_app.elf.dir/app/src/app_gps.c.obj
 .bss.s_selftestResult
                0x20013274       0x14 CMakeFiles/m33_vehicle_app.elf.dir/app/src/app_selftest.c.obj
 .bss.g_board_ms_ticks
                0x20013288        0x4 CMakeFiles/m33_vehicle_app.elf.dir/platform/imx93_m33/src/board_time.c.obj
 .bss.g_gps_rx_ring
                0x2001328c      0x204 CMakeFiles/m33_vehicle_app.elf.dir/platform/imx93_m33/src/board_uart.c.obj
 .bss.s_lpspiHandle
                0x20013490       0x24 CMakeFiles/m33_vehicle_app.elf.dir/mnt/c/coding/TESTING_AREA/m33sdk/mcuxsdk/drivers/lpspi/fsl_lpspi.c.obj
 .bss.s_lpspiMasterIsr
                0x200134b4        0x4 CMakeFiles/m33_vehicle_app.elf.dir/mnt/c/coding/TESTING_AREA/m33sdk/mcuxsdk/drivers/lpspi/fsl_lpspi.c.obj
 .bss.s_lpspiSlaveIsr
                0x200134b8        0x4 CMakeFiles/m33_vehicle_app.elf.dir/mnt/c/coding/TESTING_AREA/m33sdk/mcuxsdk/drivers/lpspi/fsl_lpspi.c.obj
 .bss.g_lpspiDummyData
                0x200134bc        0x9 CMakeFiles/m33_vehicle_app.elf.dir/mnt/c/coding/TESTING_AREA/m33sdk/mcuxsdk/drivers/lpspi/fsl_lpspi.c.obj
                0x200134bc                g_lpspiDummyData
 *fill*         0x200134c5        0x3 
 .bss.s_lpuartHandle
                0x200134c8       0x24 CMakeFiles/m33_vehicle_app.elf.dir/mnt/c/coding/TESTING_AREA/m33sdk/mcuxsdk/drivers/lpuart/fsl_lpuart.c.obj
                0x200134c8                s_lpuartHandle
 .bss.s_lpuartIsr
                0x200134ec       0x24 CMakeFiles/m33_vehicle_app.elf.dir/mnt/c/coding/TESTING_AREA/m33sdk/mcuxsdk/drivers/lpuart/fsl_lpuart.c.obj
                0x200134ec                s_lpuartIsr
 *(COMMON)
                0x20013510                        . = ALIGN (0x4)
                0x20013510                        __bss_end__ = .
                0x20013510                        __END_BSS = .

.m33_suspend    0x20010000        0x0
 *(M33SuspendRam)
                0x20010000                        . = ALIGN (0x4)

.heap           0x20013510      0x400 load address 0x0fff6434
                0x20013510                        . = ALIGN (0x8)
                0x20013510                        __end__ = .
                0x20013510                        PROVIDE (end = .)
                0x20013510                        __HeapBase = .
                0x20013910                        . = (. + HEAP_SIZE)
 *fill*         0x20013510      0x400 
                0x20013910                        __HeapLimit = .
                0x20013910                        __heap_limit = .

.stack          0x20013910      0x400 load address 0x0fff6834
                0x20013910                        . = ALIGN (0x8)
                0x20013d10                        . = (. + STACK_SIZE)
 *fill*         0x20013910      0x400 
                0x2001e000                        __StackTop = (ORIGIN (m_data) + LENGTH (m_data))
                0x2001dc00                        __StackLimit = (__StackTop - STACK_SIZE)
                0x2001e000                        PROVIDE (__stack = __StackTop)
                0x2001e000                        __RscTblStart = ORIGIN (m_rsc_tbl)
                0x2001f000                        __RscTblEnd = (ORIGIN (m_rsc_tbl) + LENGTH (m_rsc_tbl))

.ARM.attributes
                0x00000000       0x30
 *(.ARM.attributes)
 .ARM.attributes
                0x00000000       0x22 /usr/lib/gcc/arm-none-eabi/13.2.1/thumb/v8-m.main/nofp/crti.o
 .ARM.attributes
                0x00000022       0x32 /usr/lib/gcc/arm-none-eabi/13.2.1/thumb/v8-m.main/nofp/crtbegin.o
 .ARM.attributes
                0x00000054       0x20 /usr/lib/gcc/arm-none-eabi/13.2.1/../../../arm-none-eabi/lib/thumb/v8-m.main/nofp/crt0.o
 .ARM.attributes
                0x00000074       0x34 CMakeFiles/m33_vehicle_app.elf.dir/main.c.obj
 .ARM.attributes
                0x000000a8       0x34 CMakeFiles/m33_vehicle_app.elf.dir/hardware_init.c.obj
 .ARM.attributes
                0x000000dc       0x34 CMakeFiles/m33_vehicle_app.elf.dir/pin_mux.c.obj
 .ARM.attributes
                0x00000110       0x34 CMakeFiles/m33_vehicle_app.elf.dir/board.c.obj
 .ARM.attributes
                0x00000144       0x34 CMakeFiles/m33_vehicle_app.elf.dir/clock_config.c.obj
 .ARM.attributes
                0x00000178       0x34 CMakeFiles/m33_vehicle_app.elf.dir/syscalls.c.obj
 .ARM.attributes
                0x000001ac       0x34 CMakeFiles/m33_vehicle_app.elf.dir/app/src/app_init.c.obj
 .ARM.attributes
                0x000001e0       0x34 CMakeFiles/m33_vehicle_app.elf.dir/app/src/app_l9966.c.obj
 .ARM.attributes
                0x00000214       0x34 CMakeFiles/m33_vehicle_app.elf.dir/app/src/app_gps.c.obj
 .ARM.attributes
                0x00000248       0x34 CMakeFiles/m33_vehicle_app.elf.dir/app/src/app_selftest.c.obj
 .ARM.attributes
                0x0000027c       0x34 CMakeFiles/m33_vehicle_app.elf.dir/platform/imx93_m33/src/board_init.c.obj
 .ARM.attributes
                0x000002b0       0x34 CMakeFiles/m33_vehicle_app.elf.dir/platform/imx93_m33/src/board_gpio.c.obj
 .ARM.attributes
                0x000002e4       0x34 CMakeFiles/m33_vehicle_app.elf.dir/platform/imx93_m33/src/board_pins.c.obj
 .ARM.attributes
                0x00000318       0x34 CMakeFiles/m33_vehicle_app.elf.dir/platform/imx93_m33/src/board_spi.c.obj
 .ARM.attributes
                0x0000034c       0x34 CMakeFiles/m33_vehicle_app.elf.dir/platform/imx93_m33/src/board_time.c.obj
 .ARM.attributes
                0x00000380       0x34 CMakeFiles/m33_vehicle_app.elf.dir/platform/imx93_m33/src/board_uart.c.obj
 .ARM.attributes
                0x000003b4       0x20 CMakeFiles/m33_vehicle_app.elf.dir/mnt/c/coding/TESTING_AREA/m33sdk/mcuxsdk/devices/i.MX/i.MX93/MIMX9352/gcc/startup_MIMX9352_cm33.S.obj
 .ARM.attributes
                0x000003d4       0x34 CMakeFiles/m33_vehicle_app.elf.dir/mnt/c/coding/TESTING_AREA/m33sdk/mcuxsdk/devices/i.MX/i.MX93/MIMX9352/system_MIMX9352_cm33.c.obj
 .ARM.attributes
                0x00000408       0x34 CMakeFiles/m33_vehicle_app.elf.dir/mnt/c/coding/TESTING_AREA/m33sdk/mcuxsdk/drivers/rgpio/fsl_rgpio.c.obj
 .ARM.attributes
                0x0000043c       0x34 CMakeFiles/m33_vehicle_app.elf.dir/mnt/c/coding/TESTING_AREA/m33sdk/mcuxsdk/drivers/lpspi/fsl_lpspi.c.obj
 .ARM.attributes
                0x00000470       0x34 CMakeFiles/m33_vehicle_app.elf.dir/mnt/c/coding/TESTING_AREA/m33sdk/mcuxsdk/drivers/lpuart/fsl_lpuart.c.obj
 .ARM.attributes
                0x000004a4       0x22 /usr/lib/gcc/arm-none-eabi/13.2.1/thumb/v8-m.main/nofp/libgcc.a(_aeabi_uldivmod.o)
 .ARM.attributes
                0x000004c6       0x32 /usr/lib/gcc/arm-none-eabi/13.2.1/thumb/v8-m.main/nofp/libgcc.a(_udivmoddi4.o)
 .ARM.attributes
                0x000004f8       0x22 /usr/lib/gcc/arm-none-eabi/13.2.1/thumb/v8-m.main/nofp/libgcc.a(_dvmd_tls.o)
 .ARM.attributes
                0x0000051a       0x32 /usr/lib/gcc/arm-none-eabi/13.2.1/../../../arm-none-eabi/lib/thumb/v8-m.main/nofp/libg_nano.a(libc_a-assert.o)
 .ARM.attributes
                0x0000054c       0x32 /usr/lib/gcc/arm-none-eabi/13.2.1/../../../arm-none-eabi/lib/thumb/v8-m.main/nofp/libg_nano.a(libc_a-impure.o)
 .ARM.attributes
                0x0000057e       0x32 /usr/lib/gcc/arm-none-eabi/13.2.1/../../../arm-none-eabi/lib/thumb/v8-m.main/nofp/libg_nano.a(libc_a-init.o)
 .ARM.attributes
                0x000005b0       0x32 /usr/lib/gcc/arm-none-eabi/13.2.1/../../../arm-none-eabi/lib/thumb/v8-m.main/nofp/libg_nano.a(libc_a-abort.o)
 .ARM.attributes
                0x000005e2       0x32 /usr/lib/gcc/arm-none-eabi/13.2.1/../../../arm-none-eabi/lib/thumb/v8-m.main/nofp/libg_nano.a(libc_a-memset.o)
 .ARM.attributes
                0x00000614       0x32 /usr/lib/gcc/arm-none-eabi/13.2.1/../../../arm-none-eabi/lib/thumb/v8-m.main/nofp/libg_nano.a(libc_a-errno.o)
 .ARM.attributes
                0x00000646       0x20 /usr/lib/gcc/arm-none-eabi/13.2.1/../../../arm-none-eabi/lib/thumb/v8-m.main/nofp/libg_nano.a(libc_a-memcpy.o)
 .ARM.attributes
                0x00000666       0x32 /usr/lib/gcc/arm-none-eabi/13.2.1/../../../arm-none-eabi/lib/thumb/v8-m.main/nofp/libg_nano.a(libc_a-malloc.o)
 .ARM.attributes
                0x00000698       0x32 /usr/lib/gcc/arm-none-eabi/13.2.1/../../../arm-none-eabi/lib/thumb/v8-m.main/nofp/libg_nano.a(libc_a-fprintf.o)
 .ARM.attributes
                0x000006ca       0x32 /usr/lib/gcc/arm-none-eabi/13.2.1/../../../arm-none-eabi/lib/thumb/v8-m.main/nofp/libg_nano.a(libc_a-exit.o)
 .ARM.attributes
                0x000006fc       0x32 /usr/lib/gcc/arm-none-eabi/13.2.1/../../../arm-none-eabi/lib/thumb/v8-m.main/nofp/libg_nano.a(libc_a-atexit.o)
 .ARM.attributes
                0x0000072e       0x32 /usr/lib/gcc/arm-none-eabi/13.2.1/../../../arm-none-eabi/lib/thumb/v8-m.main/nofp/libg_nano.a(libc_a-nano-vfprintf.o)
 .ARM.attributes
                0x00000760       0x32 /usr/lib/gcc/arm-none-eabi/13.2.1/../../../arm-none-eabi/lib/thumb/v8-m.main/nofp/libg_nano.a(libc_a-fini.o)
 .ARM.attributes
                0x00000792       0x32 /usr/lib/gcc/arm-none-eabi/13.2.1/../../../arm-none-eabi/lib/thumb/v8-m.main/nofp/libg_nano.a(libc_a-wbuf.o)
 .ARM.attributes
                0x000007c4       0x32 /usr/lib/gcc/arm-none-eabi/13.2.1/../../../arm-none-eabi/lib/thumb/v8-m.main/nofp/libg_nano.a(libc_a-fvwrite.o)
 .ARM.attributes
                0x000007f6       0x32 /usr/lib/gcc/arm-none-eabi/13.2.1/../../../arm-none-eabi/lib/thumb/v8-m.main/nofp/libg_nano.a(libc_a-signal.o)
 .ARM.attributes
                0x00000828       0x32 /usr/lib/gcc/arm-none-eabi/13.2.1/../../../arm-none-eabi/lib/thumb/v8-m.main/nofp/libg_nano.a(libc_a-findfp.o)
 .ARM.attributes
                0x0000085a       0x32 /usr/lib/gcc/arm-none-eabi/13.2.1/../../../arm-none-eabi/lib/thumb/v8-m.main/nofp/libg_nano.a(libc_a-fflush.o)
 .ARM.attributes
                0x0000088c       0x32 /usr/lib/gcc/arm-none-eabi/13.2.1/../../../arm-none-eabi/lib/thumb/v8-m.main/nofp/libg_nano.a(libc_a-mallocr.o)
 .ARM.attributes
                0x000008be       0x32 /usr/lib/gcc/arm-none-eabi/13.2.1/../../../arm-none-eabi/lib/thumb/v8-m.main/nofp/libg_nano.a(libc_a-freer.o)
 .ARM.attributes
                0x000008f0       0x32 /usr/lib/gcc/arm-none-eabi/13.2.1/../../../arm-none-eabi/lib/thumb/v8-m.main/nofp/libg_nano.a(libc_a-memmove.o)
 .ARM.attributes
                0x00000922       0x32 /usr/lib/gcc/arm-none-eabi/13.2.1/../../../arm-none-eabi/lib/thumb/v8-m.main/nofp/libg_nano.a(libc_a-fwalk.o)
 .ARM.attributes
                0x00000954       0x32 /usr/lib/gcc/arm-none-eabi/13.2.1/../../../arm-none-eabi/lib/thumb/v8-m.main/nofp/libg_nano.a(libc_a-wsetup.o)
 .ARM.attributes
                0x00000986       0x32 /usr/lib/gcc/arm-none-eabi/13.2.1/../../../arm-none-eabi/lib/thumb/v8-m.main/nofp/libg_nano.a(libc_a-__atexit.o)
 .ARM.attributes
                0x000009b8       0x32 /usr/lib/gcc/arm-none-eabi/13.2.1/../../../arm-none-eabi/lib/thumb/v8-m.main/nofp/libg_nano.a(libc_a-reallocr.o)
 .ARM.attributes
                0x000009ea       0x32 /usr/lib/gcc/arm-none-eabi/13.2.1/../../../arm-none-eabi/lib/thumb/v8-m.main/nofp/libg_nano.a(libc_a-nano-vfprintf_i.o)
 .ARM.attributes
                0x00000a1c       0x32 /usr/lib/gcc/arm-none-eabi/13.2.1/../../../arm-none-eabi/lib/thumb/v8-m.main/nofp/libg_nano.a(libc_a-mlock.o)
 .ARM.attributes
                0x00000a4e       0x32 /usr/lib/gcc/arm-none-eabi/13.2.1/../../../arm-none-eabi/lib/thumb/v8-m.main/nofp/libg_nano.a(libc_a-makebuf.o)
 .ARM.attributes
                0x00000a80       0x32 /usr/lib/gcc/arm-none-eabi/13.2.1/../../../arm-none-eabi/lib/thumb/v8-m.main/nofp/libg_nano.a(libc_a-memchr-stub.o)
 .ARM.attributes
                0x00000ab2       0x32 /usr/lib/gcc/arm-none-eabi/13.2.1/../../../arm-none-eabi/lib/thumb/v8-m.main/nofp/libg_nano.a(libc_a-isattyr.o)
 .ARM.attributes
                0x00000ae4       0x32 /usr/lib/gcc/arm-none-eabi/13.2.1/../../../arm-none-eabi/lib/thumb/v8-m.main/nofp/libg_nano.a(libc_a-sbrkr.o)
 .ARM.attributes
                0x00000b16       0x32 /usr/lib/gcc/arm-none-eabi/13.2.1/../../../arm-none-eabi/lib/thumb/v8-m.main/nofp/libg_nano.a(libc_a-stdio.o)
 .ARM.attributes
                0x00000b48       0x32 /usr/lib/gcc/arm-none-eabi/13.2.1/../../../arm-none-eabi/lib/thumb/v8-m.main/nofp/libg_nano.a(libc_a-msizer.o)
 .ARM.attributes
                0x00000b7a       0x32 /usr/lib/gcc/arm-none-eabi/13.2.1/../../../arm-none-eabi/lib/thumb/v8-m.main/nofp/libg_nano.a(libc_a-signalr.o)
 .ARM.attributes
                0x00000bac       0x32 /usr/lib/gcc/arm-none-eabi/13.2.1/../../../arm-none-eabi/lib/thumb/v8-m.main/nofp/libg_nano.a(libc_a-closer.o)
 .ARM.attributes
                0x00000bde       0x32 /usr/lib/gcc/arm-none-eabi/13.2.1/../../../arm-none-eabi/lib/thumb/v8-m.main/nofp/libg_nano.a(libc_a-__call_atexit.o)
 .ARM.attributes
                0x00000c10       0x32 /usr/lib/gcc/arm-none-eabi/13.2.1/../../../arm-none-eabi/lib/thumb/v8-m.main/nofp/libg_nano.a(libc_a-readr.o)
 .ARM.attributes
                0x00000c42       0x32 /usr/lib/gcc/arm-none-eabi/13.2.1/../../../arm-none-eabi/lib/thumb/v8-m.main/nofp/libg_nano.a(libc_a-reent.o)
 .ARM.attributes
                0x00000c74       0x32 /usr/lib/gcc/arm-none-eabi/13.2.1/../../../arm-none-eabi/lib/thumb/v8-m.main/nofp/libg_nano.a(libc_a-fstatr.o)
 .ARM.attributes
                0x00000ca6       0x32 /usr/lib/gcc/arm-none-eabi/13.2.1/../../../arm-none-eabi/lib/thumb/v8-m.main/nofp/libg_nano.a(libc_a-lseekr.o)
 .ARM.attributes
                0x00000cd8       0x32 /usr/lib/gcc/arm-none-eabi/13.2.1/../../../arm-none-eabi/lib/thumb/v8-m.main/nofp/libg_nano.a(libc_a-writer.o)
 .ARM.attributes
                0x00000d0a       0x32 /usr/lib/gcc/arm-none-eabi/13.2.1/thumb/v8-m.main/nofp/crtend.o
 .ARM.attributes
                0x00000d3c       0x22 /usr/lib/gcc/arm-none-eabi/13.2.1/thumb/v8-m.main/nofp/crtn.o
                0x00000001                        ASSERT ((__StackLimit >= __HeapLimit), region m_data overflowed with stack and heap)
OUTPUT(m33_vehicle_app.elf elf32-littlearm)
LOAD linker stubs

.comment        0x00000000       0x26
 .comment       0x00000000       0x26 /usr/lib/gcc/arm-none-eabi/13.2.1/thumb/v8-m.main/nofp/crtbegin.o
                                 0x27 (size before relaxing)
 .comment       0x00000026       0x27 CMakeFiles/m33_vehicle_app.elf.dir/main.c.obj
 .comment       0x00000026       0x27 CMakeFiles/m33_vehicle_app.elf.dir/hardware_init.c.obj
 .comment       0x00000026       0x27 CMakeFiles/m33_vehicle_app.elf.dir/pin_mux.c.obj
 .comment       0x00000026       0x27 CMakeFiles/m33_vehicle_app.elf.dir/board.c.obj
 .comment       0x00000026       0x27 CMakeFiles/m33_vehicle_app.elf.dir/clock_config.c.obj
 .comment       0x00000026       0x27 CMakeFiles/m33_vehicle_app.elf.dir/syscalls.c.obj
 .comment       0x00000026       0x27 CMakeFiles/m33_vehicle_app.elf.dir/app/src/app_init.c.obj
 .comment       0x00000026       0x27 CMakeFiles/m33_vehicle_app.elf.dir/app/src/app_l9966.c.obj
 .comment       0x00000026       0x27 CMakeFiles/m33_vehicle_app.elf.dir/app/src/app_gps.c.obj
 .comment       0x00000026       0x27 CMakeFiles/m33_vehicle_app.elf.dir/app/src/app_selftest.c.obj
 .comment       0x00000026       0x27 CMakeFiles/m33_vehicle_app.elf.dir/platform/imx93_m33/src/board_init.c.obj
 .comment       0x00000026       0x27 CMakeFiles/m33_vehicle_app.elf.dir/platform/imx93_m33/src/board_gpio.c.obj
 .comment       0x00000026       0x27 CMakeFiles/m33_vehicle_app.elf.dir/platform/imx93_m33/src/board_pins.c.obj
 .comment       0x00000026       0x27 CMakeFiles/m33_vehicle_app.elf.dir/platform/imx93_m33/src/board_spi.c.obj
 .comment       0x00000026       0x27 CMakeFiles/m33_vehicle_app.elf.dir/platform/imx93_m33/src/board_time.c.obj
 .comment       0x00000026       0x27 CMakeFiles/m33_vehicle_app.elf.dir/platform/imx93_m33/src/board_uart.c.obj
 .comment       0x00000026       0x27 CMakeFiles/m33_vehicle_app.elf.dir/mnt/c/coding/TESTING_AREA/m33sdk/mcuxsdk/devices/i.MX/i.MX93/MIMX9352/system_MIMX9352_cm33.c.obj
 .comment       0x00000026       0x27 CMakeFiles/m33_vehicle_app.elf.dir/mnt/c/coding/TESTING_AREA/m33sdk/mcuxsdk/drivers/rgpio/fsl_rgpio.c.obj
 .comment       0x00000026       0x27 CMakeFiles/m33_vehicle_app.elf.dir/mnt/c/coding/TESTING_AREA/m33sdk/mcuxsdk/drivers/lpspi/fsl_lpspi.c.obj
 .comment       0x00000026       0x27 CMakeFiles/m33_vehicle_app.elf.dir/mnt/c/coding/TESTING_AREA/m33sdk/mcuxsdk/drivers/lpuart/fsl_lpuart.c.obj
 .comment       0x00000026       0x27 /usr/lib/gcc/arm-none-eabi/13.2.1/thumb/v8-m.main/nofp/libgcc.a(_udivmoddi4.o)
 .comment       0x00000026       0x27 /usr/lib/gcc/arm-none-eabi/13.2.1/../../../arm-none-eabi/lib/thumb/v8-m.main/nofp/libg_nano.a(libc_a-assert.o)
 .comment       0x00000026       0x27 /usr/lib/gcc/arm-none-eabi/13.2.1/../../../arm-none-eabi/lib/thumb/v8-m.main/nofp/libg_nano.a(libc_a-impure.o)
 .comment       0x00000026       0x27 /usr/lib/gcc/arm-none-eabi/13.2.1/../../../arm-none-eabi/lib/thumb/v8-m.main/nofp/libg_nano.a(libc_a-init.o)
 .comment       0x00000026       0x27 /usr/lib/gcc/arm-none-eabi/13.2.1/../../../arm-none-eabi/lib/thumb/v8-m.main/nofp/libg_nano.a(libc_a-abort.o)